<?xml version="1.0" encoding="ISO-8859-1" ?>
<link_info>
   <banner>MSP430 Linker PC v18.12.4.LTS</banner>
   <copyright>Copyright (c) 2003-2018 Texas Instruments Incorporated</copyright>
   <link_time>0x5e271b45</link_time>
   <link_errors>0x0</link_errors>
   <output_file>freeRTOS-demo.out</output_file>
   <entry_point>
      <name>_c_int00_noargs_mpu</name>
      <address>0x9854</address>
   </entry_point>
   <input_file_list>
      <input_file id="fl-2">
         <path>.\</path>
         <kind>object</kind>
         <file>application.obj</file>
         <name>application.obj</name>
      </input_file>
      <input_file id="fl-3">
         <path>.\</path>
         <kind>object</kind>
         <file>main.obj</file>
         <name>main.obj</name>
      </input_file>
      <input_file id="fl-4">
         <path>.\freeRTOS\</path>
         <kind>object</kind>
         <file>croutine.obj</file>
         <name>croutine.obj</name>
      </input_file>
      <input_file id="fl-5">
         <path>.\freeRTOS\</path>
         <kind>object</kind>
         <file>event_groups.obj</file>
         <name>event_groups.obj</name>
      </input_file>
      <input_file id="fl-6">
         <path>.\freeRTOS\</path>
         <kind>object</kind>
         <file>list.obj</file>
         <name>list.obj</name>
      </input_file>
      <input_file id="fl-7">
         <path>.\freeRTOS\</path>
         <kind>object</kind>
         <file>queue.obj</file>
         <name>queue.obj</name>
      </input_file>
      <input_file id="fl-8">
         <path>.\freeRTOS\</path>
         <kind>object</kind>
         <file>stream_buffer.obj</file>
         <name>stream_buffer.obj</name>
      </input_file>
      <input_file id="fl-9">
         <path>.\freeRTOS\</path>
         <kind>object</kind>
         <file>tasks.obj</file>
         <name>tasks.obj</name>
      </input_file>
      <input_file id="fl-a">
         <path>.\freeRTOS\</path>
         <kind>object</kind>
         <file>timers.obj</file>
         <name>timers.obj</name>
      </input_file>
      <input_file id="fl-b">
         <path>.\freeRTOS\portable\CCS\MSP430X\</path>
         <kind>object</kind>
         <file>port.obj</file>
         <name>port.obj</name>
      </input_file>
      <input_file id="fl-d">
         <path>.\freeRTOS\portable\MemMang\</path>
         <kind>object</kind>
         <file>heap_1.obj</file>
         <name>heap_1.obj</name>
      </input_file>
      <input_file id="fl-2e">
         <path>C:\opt\ti\ccs\tools\compiler\ti-cgt-msp430_18.12.4.LTS\lib\</path>
         <kind>archive</kind>
         <file>rts430x_lc_sd_eabi.lib</file>
         <name>copy_decompress_lzss.c.obj</name>
      </input_file>
      <input_file id="fl-2f">
         <path>C:\opt\ti\ccs\tools\compiler\ti-cgt-msp430_18.12.4.LTS\lib\</path>
         <kind>archive</kind>
         <file>rts430x_lc_sd_eabi.lib</file>
         <name>copy_decompress_none.c.obj</name>
      </input_file>
      <input_file id="fl-48">
         <path>C:\opt\ti\ccs\tools\compiler\ti-cgt-msp430_18.12.4.LTS\lib\</path>
         <kind>archive</kind>
         <file>rts430x_lc_sd_eabi.lib</file>
         <name>copy_zero_init.c.obj</name>
      </input_file>
      <input_file id="fl-55">
         <path>C:\opt\ti\ccs\tools\compiler\ti-cgt-msp430_18.12.4.LTS\lib\</path>
         <kind>archive</kind>
         <file>rts430x_lc_sd_eabi.lib</file>
         <name>cpy_tbl.c.obj</name>
      </input_file>
      <input_file id="fl-57">
         <path>C:\opt\ti\ccs\tools\compiler\ti-cgt-msp430_18.12.4.LTS\lib\</path>
         <kind>archive</kind>
         <file>rts430x_lc_sd_eabi.lib</file>
         <name>exit_gvars.c.obj</name>
      </input_file>
      <input_file id="fl-58">
         <path>C:\opt\ti\ccs\tools\compiler\ti-cgt-msp430_18.12.4.LTS\lib\</path>
         <kind>archive</kind>
         <file>rts430x_lc_sd_eabi.lib</file>
         <name>_lock.c.obj</name>
      </input_file>
      <input_file id="fl-59">
         <path>C:\opt\ti\ccs\tools\compiler\ti-cgt-msp430_18.12.4.LTS\lib\</path>
         <kind>archive</kind>
         <file>rts430x_lc_sd_eabi.lib</file>
         <name>memcpy.c.obj</name>
      </input_file>
      <input_file id="fl-5a">
         <path>C:\opt\ti\ccs\tools\compiler\ti-cgt-msp430_18.12.4.LTS\lib\</path>
         <kind>archive</kind>
         <file>rts430x_lc_sd_eabi.lib</file>
         <name>memset.c.obj</name>
      </input_file>
      <input_file id="fl-5b">
         <path>C:\opt\ti\ccs\tools\compiler\ti-cgt-msp430_18.12.4.LTS\lib\</path>
         <kind>archive</kind>
         <file>rts430x_lc_sd_eabi.lib</file>
         <name>sprintf.c.obj</name>
      </input_file>
      <input_file id="fl-5c">
         <path>C:\opt\ti\ccs\tools\compiler\ti-cgt-msp430_18.12.4.LTS\lib\</path>
         <kind>archive</kind>
         <file>rts430x_lc_sd_eabi.lib</file>
         <name>_printfi.c.obj</name>
      </input_file>
      <input_file id="fl-5d">
         <path>C:\opt\ti\ccs\tools\compiler\ti-cgt-msp430_18.12.4.LTS\lib\</path>
         <kind>archive</kind>
         <file>rts430x_lc_sd_eabi.lib</file>
         <name>cmpd.c.obj</name>
      </input_file>
      <input_file id="fl-5e">
         <path>C:\opt\ti\ccs\tools\compiler\ti-cgt-msp430_18.12.4.LTS\lib\</path>
         <kind>archive</kind>
         <file>rts430x_lc_sd_eabi.lib</file>
         <name>divd.c.obj</name>
      </input_file>
      <input_file id="fl-5f">
         <path>C:\opt\ti\ccs\tools\compiler\ti-cgt-msp430_18.12.4.LTS\lib\</path>
         <kind>archive</kind>
         <file>rts430x_lc_sd_eabi.lib</file>
         <name>frcdivd.c.obj</name>
      </input_file>
      <input_file id="fl-62">
         <path>C:\opt\ti\ccs\tools\compiler\ti-cgt-msp430_18.12.4.LTS\lib\</path>
         <kind>archive</kind>
         <file>rts430x_lc_sd_eabi.lib</file>
         <name>div64u.c.obj</name>
      </input_file>
      <input_file id="fl-63">
         <path>C:\opt\ti\ccs\tools\compiler\ti-cgt-msp430_18.12.4.LTS\lib\</path>
         <kind>archive</kind>
         <file>rts430x_lc_sd_eabi.lib</file>
         <name>fixdi.c.obj</name>
      </input_file>
      <input_file id="fl-64">
         <path>C:\opt\ti\ccs\tools\compiler\ti-cgt-msp430_18.12.4.LTS\lib\</path>
         <kind>archive</kind>
         <file>rts430x_lc_sd_eabi.lib</file>
         <name>fixdli.c.obj</name>
      </input_file>
      <input_file id="fl-65">
         <path>C:\opt\ti\ccs\tools\compiler\ti-cgt-msp430_18.12.4.LTS\lib\</path>
         <kind>archive</kind>
         <file>rts430x_lc_sd_eabi.lib</file>
         <name>fltid.c.obj</name>
      </input_file>
      <input_file id="fl-66">
         <path>C:\opt\ti\ccs\tools\compiler\ti-cgt-msp430_18.12.4.LTS\lib\</path>
         <kind>archive</kind>
         <file>rts430x_lc_sd_eabi.lib</file>
         <name>fltlid.c.obj</name>
      </input_file>
      <input_file id="fl-67">
         <path>C:\opt\ti\ccs\tools\compiler\ti-cgt-msp430_18.12.4.LTS\lib\</path>
         <kind>archive</kind>
         <file>rts430x_lc_sd_eabi.lib</file>
         <name>mpyd.c.obj</name>
      </input_file>
      <input_file id="fl-68">
         <path>C:\opt\ti\ccs\tools\compiler\ti-cgt-msp430_18.12.4.LTS\lib\</path>
         <kind>archive</kind>
         <file>rts430x_lc_sd_eabi.lib</file>
         <name>frcmpyd.c.obj</name>
      </input_file>
      <input_file id="fl-6a">
         <path>C:\opt\ti\ccs\tools\compiler\ti-cgt-msp430_18.12.4.LTS\lib\</path>
         <kind>archive</kind>
         <file>rts430x_lc_sd_eabi.lib</file>
         <name>negd.c.obj</name>
      </input_file>
      <input_file id="fl-6c">
         <path>C:\opt\ti\ccs\tools\compiler\ti-cgt-msp430_18.12.4.LTS\lib\</path>
         <kind>archive</kind>
         <file>rts430x_lc_sd_eabi.lib</file>
         <name>lsl64.c.obj</name>
      </input_file>
      <input_file id="fl-6f">
         <path>C:\opt\ti\ccs\tools\compiler\ti-cgt-msp430_18.12.4.LTS\lib\</path>
         <kind>archive</kind>
         <file>rts430x_lc_sd_eabi.lib</file>
         <name>lsr64.c.obj</name>
      </input_file>
      <input_file id="fl-70">
         <path>C:\opt\ti\ccs\tools\compiler\ti-cgt-msp430_18.12.4.LTS\lib\</path>
         <kind>archive</kind>
         <file>rts430x_lc_sd_eabi.lib</file>
         <name>subd.c.obj</name>
      </input_file>
      <input_file id="fl-71">
         <path>C:\opt\ti\ccs\tools\compiler\ti-cgt-msp430_18.12.4.LTS\lib\</path>
         <kind>archive</kind>
         <file>rts430x_lc_sd_eabi.lib</file>
         <name>addd.c.obj</name>
      </input_file>
      <input_file id="fl-72">
         <path>C:\opt\ti\ccs\tools\compiler\ti-cgt-msp430_18.12.4.LTS\lib\</path>
         <kind>archive</kind>
         <file>rts430x_lc_sd_eabi.lib</file>
         <name>frcaddd.c.obj</name>
      </input_file>
      <input_file id="fl-73">
         <path>C:\opt\ti\ccs\tools\compiler\ti-cgt-msp430_18.12.4.LTS\lib\</path>
         <kind>archive</kind>
         <file>rts430x_lc_sd_eabi.lib</file>
         <name>renormd.c.obj</name>
      </input_file>
      <input_file id="fl-74">
         <path>C:\opt\ti\ccs\tools\compiler\ti-cgt-msp430_18.12.4.LTS\lib\</path>
         <kind>archive</kind>
         <file>rts430x_lc_sd_eabi.lib</file>
         <name>abs.c.obj</name>
      </input_file>
      <input_file id="fl-75">
         <path>C:\opt\ti\ccs\tools\compiler\ti-cgt-msp430_18.12.4.LTS\lib\</path>
         <kind>archive</kind>
         <file>rts430x_lc_sd_eabi.lib</file>
         <name>atoi.c.obj</name>
      </input_file>
      <input_file id="fl-76">
         <path>C:\opt\ti\ccs\tools\compiler\ti-cgt-msp430_18.12.4.LTS\lib\</path>
         <kind>archive</kind>
         <file>rts430x_lc_sd_eabi.lib</file>
         <name>ctype.c.obj</name>
      </input_file>
      <input_file id="fl-77">
         <path>C:\opt\ti\ccs\tools\compiler\ti-cgt-msp430_18.12.4.LTS\lib\</path>
         <kind>archive</kind>
         <file>rts430x_lc_sd_eabi.lib</file>
         <name>errno.c.obj</name>
      </input_file>
      <input_file id="fl-78">
         <path>C:\opt\ti\ccs\tools\compiler\ti-cgt-msp430_18.12.4.LTS\lib\</path>
         <kind>archive</kind>
         <file>rts430x_lc_sd_eabi.lib</file>
         <name>s_frexp.c.obj</name>
      </input_file>
      <input_file id="fl-79">
         <path>C:\opt\ti\ccs\tools\compiler\ti-cgt-msp430_18.12.4.LTS\lib\</path>
         <kind>archive</kind>
         <file>rts430x_lc_sd_eabi.lib</file>
         <name>s_scalbn.c.obj</name>
      </input_file>
      <input_file id="fl-7a">
         <path>C:\opt\ti\ccs\tools\compiler\ti-cgt-msp430_18.12.4.LTS\lib\</path>
         <kind>archive</kind>
         <file>rts430x_lc_sd_eabi.lib</file>
         <name>s_copysign.c.obj</name>
      </input_file>
      <input_file id="fl-7b">
         <path>C:\opt\ti\ccs\tools\compiler\ti-cgt-msp430_18.12.4.LTS\lib\</path>
         <kind>archive</kind>
         <file>rts430x_lc_sd_eabi.lib</file>
         <name>ltoa.c.obj</name>
      </input_file>
      <input_file id="fl-7d">
         <path>C:\opt\ti\ccs\tools\compiler\ti-cgt-msp430_18.12.4.LTS\lib\</path>
         <kind>archive</kind>
         <file>rts430x_lc_sd_eabi.lib</file>
         <name>memccpy.c.obj</name>
      </input_file>
      <input_file id="fl-7e">
         <path>C:\opt\ti\ccs\tools\compiler\ti-cgt-msp430_18.12.4.LTS\lib\</path>
         <kind>archive</kind>
         <file>rts430x_lc_sd_eabi.lib</file>
         <name>strchr.c.obj</name>
      </input_file>
      <input_file id="fl-7f">
         <path>C:\opt\ti\ccs\tools\compiler\ti-cgt-msp430_18.12.4.LTS\lib\</path>
         <kind>archive</kind>
         <file>rts430x_lc_sd_eabi.lib</file>
         <name>strcpy.c.obj</name>
      </input_file>
      <input_file id="fl-80">
         <path>C:\opt\ti\ccs\tools\compiler\ti-cgt-msp430_18.12.4.LTS\lib\</path>
         <kind>archive</kind>
         <file>rts430x_lc_sd_eabi.lib</file>
         <name>strlen.c.obj</name>
      </input_file>
      <input_file id="fl-81">
         <path>C:\opt\ti\ccs\tools\compiler\ti-cgt-msp430_18.12.4.LTS\lib\</path>
         <kind>archive</kind>
         <file>rts430x_lc_sd_eabi.lib</file>
         <name>toupper.c.obj</name>
      </input_file>
      <input_file id="fl-82">
         <path>C:\opt\ti\ccs\tools\compiler\ti-cgt-msp430_18.12.4.LTS\lib\</path>
         <kind>archive</kind>
         <file>rts430x_lc_sd_eabi.lib</file>
         <name>wcslen.c.obj</name>
      </input_file>
      <input_file id="fl-84">
         <path>C:\Users\dcafe\AppData\Local\Temp\</path>
         <kind>object</kind>
         <file>{ED48FF77-AB12-4F2C-AC79-FED02855EADB}</file>
         <name>{ED48FF77-AB12-4F2C-AC79-FED02855EADB}</name>
      </input_file>
      <input_file id="fl-c">
         <path>.\freeRTOS\portable\CCS\MSP430X\</path>
         <kind>object</kind>
         <file>portext.obj</file>
         <name>portext.obj</name>
      </input_file>
      <input_file id="fl-13">
         <kind>object</kind>
         <file>&lt;internal&gt;</file>
         <name>&lt;internal&gt;</name>
      </input_file>
      <input_file id="fl-30">
         <path>C:\opt\ti\ccs\tools\compiler\ti-cgt-msp430_18.12.4.LTS\lib\</path>
         <kind>archive</kind>
         <file>rts430x_lc_sd_eabi.lib</file>
         <name>int22.asm.obj</name>
      </input_file>
      <input_file id="fl-31">
         <path>C:\opt\ti\ccs\tools\compiler\ti-cgt-msp430_18.12.4.LTS\lib\</path>
         <kind>archive</kind>
         <file>rts430x_lc_sd_eabi.lib</file>
         <name>isr_trap.asm.obj</name>
      </input_file>
      <input_file id="fl-32">
         <path>C:\opt\ti\ccs\tools\compiler\ti-cgt-msp430_18.12.4.LTS\lib\</path>
         <kind>archive</kind>
         <file>rts430x_lc_sd_eabi.lib</file>
         <name>int23.asm.obj</name>
      </input_file>
      <input_file id="fl-33">
         <path>C:\opt\ti\ccs\tools\compiler\ti-cgt-msp430_18.12.4.LTS\lib\</path>
         <kind>archive</kind>
         <file>rts430x_lc_sd_eabi.lib</file>
         <name>int24.asm.obj</name>
      </input_file>
      <input_file id="fl-34">
         <path>C:\opt\ti\ccs\tools\compiler\ti-cgt-msp430_18.12.4.LTS\lib\</path>
         <kind>archive</kind>
         <file>rts430x_lc_sd_eabi.lib</file>
         <name>int25.asm.obj</name>
      </input_file>
      <input_file id="fl-35">
         <path>C:\opt\ti\ccs\tools\compiler\ti-cgt-msp430_18.12.4.LTS\lib\</path>
         <kind>archive</kind>
         <file>rts430x_lc_sd_eabi.lib</file>
         <name>int26.asm.obj</name>
      </input_file>
      <input_file id="fl-36">
         <path>C:\opt\ti\ccs\tools\compiler\ti-cgt-msp430_18.12.4.LTS\lib\</path>
         <kind>archive</kind>
         <file>rts430x_lc_sd_eabi.lib</file>
         <name>int27.asm.obj</name>
      </input_file>
      <input_file id="fl-37">
         <path>C:\opt\ti\ccs\tools\compiler\ti-cgt-msp430_18.12.4.LTS\lib\</path>
         <kind>archive</kind>
         <file>rts430x_lc_sd_eabi.lib</file>
         <name>int28.asm.obj</name>
      </input_file>
      <input_file id="fl-38">
         <path>C:\opt\ti\ccs\tools\compiler\ti-cgt-msp430_18.12.4.LTS\lib\</path>
         <kind>archive</kind>
         <file>rts430x_lc_sd_eabi.lib</file>
         <name>int29.asm.obj</name>
      </input_file>
      <input_file id="fl-39">
         <path>C:\opt\ti\ccs\tools\compiler\ti-cgt-msp430_18.12.4.LTS\lib\</path>
         <kind>archive</kind>
         <file>rts430x_lc_sd_eabi.lib</file>
         <name>int30.asm.obj</name>
      </input_file>
      <input_file id="fl-3a">
         <path>C:\opt\ti\ccs\tools\compiler\ti-cgt-msp430_18.12.4.LTS\lib\</path>
         <kind>archive</kind>
         <file>rts430x_lc_sd_eabi.lib</file>
         <name>int31.asm.obj</name>
      </input_file>
      <input_file id="fl-3b">
         <path>C:\opt\ti\ccs\tools\compiler\ti-cgt-msp430_18.12.4.LTS\lib\</path>
         <kind>archive</kind>
         <file>rts430x_lc_sd_eabi.lib</file>
         <name>int32.asm.obj</name>
      </input_file>
      <input_file id="fl-3c">
         <path>C:\opt\ti\ccs\tools\compiler\ti-cgt-msp430_18.12.4.LTS\lib\</path>
         <kind>archive</kind>
         <file>rts430x_lc_sd_eabi.lib</file>
         <name>int33.asm.obj</name>
      </input_file>
      <input_file id="fl-3d">
         <path>C:\opt\ti\ccs\tools\compiler\ti-cgt-msp430_18.12.4.LTS\lib\</path>
         <kind>archive</kind>
         <file>rts430x_lc_sd_eabi.lib</file>
         <name>int35.asm.obj</name>
      </input_file>
      <input_file id="fl-3e">
         <path>C:\opt\ti\ccs\tools\compiler\ti-cgt-msp430_18.12.4.LTS\lib\</path>
         <kind>archive</kind>
         <file>rts430x_lc_sd_eabi.lib</file>
         <name>int36.asm.obj</name>
      </input_file>
      <input_file id="fl-3f">
         <path>C:\opt\ti\ccs\tools\compiler\ti-cgt-msp430_18.12.4.LTS\lib\</path>
         <kind>archive</kind>
         <file>rts430x_lc_sd_eabi.lib</file>
         <name>int37.asm.obj</name>
      </input_file>
      <input_file id="fl-40">
         <path>C:\opt\ti\ccs\tools\compiler\ti-cgt-msp430_18.12.4.LTS\lib\</path>
         <kind>archive</kind>
         <file>rts430x_lc_sd_eabi.lib</file>
         <name>int38.asm.obj</name>
      </input_file>
      <input_file id="fl-41">
         <path>C:\opt\ti\ccs\tools\compiler\ti-cgt-msp430_18.12.4.LTS\lib\</path>
         <kind>archive</kind>
         <file>rts430x_lc_sd_eabi.lib</file>
         <name>int39.asm.obj</name>
      </input_file>
      <input_file id="fl-42">
         <path>C:\opt\ti\ccs\tools\compiler\ti-cgt-msp430_18.12.4.LTS\lib\</path>
         <kind>archive</kind>
         <file>rts430x_lc_sd_eabi.lib</file>
         <name>int40.asm.obj</name>
      </input_file>
      <input_file id="fl-43">
         <path>C:\opt\ti\ccs\tools\compiler\ti-cgt-msp430_18.12.4.LTS\lib\</path>
         <kind>archive</kind>
         <file>rts430x_lc_sd_eabi.lib</file>
         <name>int41.asm.obj</name>
      </input_file>
      <input_file id="fl-44">
         <path>C:\opt\ti\ccs\tools\compiler\ti-cgt-msp430_18.12.4.LTS\lib\</path>
         <kind>archive</kind>
         <file>rts430x_lc_sd_eabi.lib</file>
         <name>int42.asm.obj</name>
      </input_file>
      <input_file id="fl-45">
         <path>C:\opt\ti\ccs\tools\compiler\ti-cgt-msp430_18.12.4.LTS\lib\</path>
         <kind>archive</kind>
         <file>rts430x_lc_sd_eabi.lib</file>
         <name>int43.asm.obj</name>
      </input_file>
      <input_file id="fl-46">
         <path>C:\opt\ti\ccs\tools\compiler\ti-cgt-msp430_18.12.4.LTS\lib\</path>
         <kind>archive</kind>
         <file>rts430x_lc_sd_eabi.lib</file>
         <name>int44.asm.obj</name>
      </input_file>
      <input_file id="fl-47">
         <path>C:\opt\ti\ccs\tools\compiler\ti-cgt-msp430_18.12.4.LTS\lib\</path>
         <kind>archive</kind>
         <file>rts430x_lc_sd_eabi.lib</file>
         <name>int45.asm.obj</name>
      </input_file>
      <input_file id="fl-49">
         <path>C:\opt\ti\ccs\tools\compiler\ti-cgt-msp430_18.12.4.LTS\lib\</path>
         <kind>archive</kind>
         <file>rts430x_lc_sd_eabi.lib</file>
         <name>cpy_util.asm.obj</name>
      </input_file>
      <input_file id="fl-4a">
         <path>C:\opt\ti\ccs\tools\compiler\ti-cgt-msp430_18.12.4.LTS\lib\</path>
         <kind>archive</kind>
         <file>rts430x_lc_sd_eabi.lib</file>
         <name>mult16.asm.obj</name>
      </input_file>
      <input_file id="fl-4b">
         <path>C:\opt\ti\ccs\tools\compiler\ti-cgt-msp430_18.12.4.LTS\lib\</path>
         <kind>archive</kind>
         <file>rts430x_lc_sd_eabi.lib</file>
         <name>mult16_f5hw.asm.obj</name>
      </input_file>
      <input_file id="fl-4c">
         <path>C:\opt\ti\ccs\tools\compiler\ti-cgt-msp430_18.12.4.LTS\lib\</path>
         <kind>archive</kind>
         <file>rts430x_lc_sd_eabi.lib</file>
         <name>mult32_f5hw.asm.obj</name>
      </input_file>
      <input_file id="fl-4d">
         <path>C:\opt\ti\ccs\tools\compiler\ti-cgt-msp430_18.12.4.LTS\lib\</path>
         <kind>archive</kind>
         <file>rts430x_lc_sd_eabi.lib</file>
         <name>mult64_f5hw.asm.obj</name>
      </input_file>
      <input_file id="fl-4e">
         <path>C:\opt\ti\ccs\tools\compiler\ti-cgt-msp430_18.12.4.LTS\lib\</path>
         <kind>archive</kind>
         <file>rts430x_lc_sd_eabi.lib</file>
         <name>mult1632_f5hw.asm.obj</name>
      </input_file>
      <input_file id="fl-4f">
         <path>C:\opt\ti\ccs\tools\compiler\ti-cgt-msp430_18.12.4.LTS\lib\</path>
         <kind>archive</kind>
         <file>rts430x_lc_sd_eabi.lib</file>
         <name>mult3264_f5hw.asm.obj</name>
      </input_file>
      <input_file id="fl-50">
         <path>C:\opt\ti\ccs\tools\compiler\ti-cgt-msp430_18.12.4.LTS\lib\</path>
         <kind>archive</kind>
         <file>rts430x_lc_sd_eabi.lib</file>
         <name>boot.c.obj</name>
      </input_file>
      <input_file id="fl-51">
         <path>C:\opt\ti\ccs\ccs_base\msp430\lib\FR2xx\</path>
         <kind>archive</kind>
         <file>FRWP_INIT_LIB_CCS_msp430_large_code_small_data.lib</file>
         <name>frwp_init.obj</name>
      </input_file>
      <input_file id="fl-52">
         <path>C:\opt\ti\ccs\tools\compiler\ti-cgt-msp430_18.12.4.LTS\lib\</path>
         <kind>archive</kind>
         <file>rts430x_lc_sd_eabi.lib</file>
         <name>args_main.c.obj</name>
      </input_file>
      <input_file id="fl-53">
         <path>C:\opt\ti\ccs\tools\compiler\ti-cgt-msp430_18.12.4.LTS\lib\</path>
         <kind>archive</kind>
         <file>rts430x_lc_sd_eabi.lib</file>
         <name>autoinit.c.obj</name>
      </input_file>
      <input_file id="fl-54">
         <path>C:\opt\ti\ccs\tools\compiler\ti-cgt-msp430_18.12.4.LTS\lib\</path>
         <kind>archive</kind>
         <file>rts430x_lc_sd_eabi.lib</file>
         <name>startup.c.obj</name>
      </input_file>
      <input_file id="fl-56">
         <path>C:\opt\ti\ccs\tools\compiler\ti-cgt-msp430_18.12.4.LTS\lib\</path>
         <kind>archive</kind>
         <file>rts430x_lc_sd_eabi.lib</file>
         <name>exit.c.obj</name>
      </input_file>
      <input_file id="fl-60">
         <path>C:\opt\ti\ccs\tools\compiler\ti-cgt-msp430_18.12.4.LTS\lib\</path>
         <kind>archive</kind>
         <file>rts430x_lc_sd_eabi.lib</file>
         <name>div16u.asm.obj</name>
      </input_file>
      <input_file id="fl-61">
         <path>C:\opt\ti\ccs\tools\compiler\ti-cgt-msp430_18.12.4.LTS\lib\</path>
         <kind>archive</kind>
         <file>rts430x_lc_sd_eabi.lib</file>
         <name>div32u.asm.obj</name>
      </input_file>
      <input_file id="fl-69">
         <path>C:\opt\ti\ccs\tools\compiler\ti-cgt-msp430_18.12.4.LTS\lib\</path>
         <kind>archive</kind>
         <file>rts430x_lc_sd_eabi.lib</file>
         <name>mult32.asm.obj</name>
      </input_file>
      <input_file id="fl-6b">
         <path>C:\opt\ti\ccs\tools\compiler\ti-cgt-msp430_18.12.4.LTS\lib\</path>
         <kind>archive</kind>
         <file>rts430x_lc_sd_eabi.lib</file>
         <name>lsl32.asm.obj</name>
      </input_file>
      <input_file id="fl-6d">
         <path>C:\opt\ti\ccs\tools\compiler\ti-cgt-msp430_18.12.4.LTS\lib\</path>
         <kind>archive</kind>
         <file>rts430x_lc_sd_eabi.lib</file>
         <name>asr32.asm.obj</name>
      </input_file>
      <input_file id="fl-6e">
         <path>C:\opt\ti\ccs\tools\compiler\ti-cgt-msp430_18.12.4.LTS\lib\</path>
         <kind>archive</kind>
         <file>rts430x_lc_sd_eabi.lib</file>
         <name>lsr32.asm.obj</name>
      </input_file>
      <input_file id="fl-7c">
         <path>C:\opt\ti\ccs\tools\compiler\ti-cgt-msp430_18.12.4.LTS\lib\</path>
         <kind>archive</kind>
         <file>rts430x_lc_sd_eabi.lib</file>
         <name>div32s.asm.obj</name>
      </input_file>
      <input_file id="fl-85">
         <path>C:\opt\ti\ccs\tools\compiler\ti-cgt-msp430_18.12.4.LTS\lib\</path>
         <kind>archive</kind>
         <file>rts430x_lc_sd_eabi.lib</file>
         <name>addd.c.obj</name>
      </input_file>
      <input_file id="fl-86">
         <path>C:\opt\ti\ccs\tools\compiler\ti-cgt-msp430_18.12.4.LTS\lib\</path>
         <kind>archive</kind>
         <file>rts430x_lc_sd_eabi.lib</file>
         <name>frcaddd.c.obj</name>
      </input_file>
      <input_file id="fl-87">
         <path>C:\opt\ti\ccs\tools\compiler\ti-cgt-msp430_18.12.4.LTS\lib\</path>
         <kind>archive</kind>
         <file>rts430x_lc_sd_eabi.lib</file>
         <name>mpyd.c.obj</name>
      </input_file>
      <input_file id="fl-88">
         <path>C:\opt\ti\ccs\tools\compiler\ti-cgt-msp430_18.12.4.LTS\lib\</path>
         <kind>archive</kind>
         <file>rts430x_lc_sd_eabi.lib</file>
         <name>renormd.c.obj</name>
      </input_file>
      <input_file id="fl-89">
         <path>C:\opt\ti\ccs\tools\compiler\ti-cgt-msp430_18.12.4.LTS\lib\</path>
         <kind>archive</kind>
         <file>rts430x_lc_sd_eabi.lib</file>
         <name>lsr64.c.obj</name>
      </input_file>
      <input_file id="fl-8a">
         <path>C:\opt\ti\ccs\tools\compiler\ti-cgt-msp430_18.12.4.LTS\lib\</path>
         <kind>archive</kind>
         <file>rts430x_lc_sd_eabi.lib</file>
         <name>frcmpyd.c.obj</name>
      </input_file>
   </input_file_list>
   <object_component_list>
      <object_component id="oc-7c0">
         <name>__TI_handler_table</name>
         <load_address>0x8000</load_address>
         <run_address>0x8000</run_address>
         <size>0xc</size>
      </object_component>
      <object_component id="oc-7c3">
         <name>.cinit..data.load</name>
         <load_address>0x800c</load_address>
         <run_address>0x800c</run_address>
         <size>0xa</size>
      </object_component>
      <object_component id="oc-7c2">
         <name>.cinit..bss.load</name>
         <load_address>0x8016</load_address>
         <run_address>0x8016</run_address>
         <size>0x6</size>
      </object_component>
      <object_component id="oc-7c1">
         <name>__TI_cinit_table</name>
         <load_address>0x801c</load_address>
         <run_address>0x801c</run_address>
         <size>0x10</size>
      </object_component>
      <object_component id="oc-760">
         <name>.binit</name>
         <load_address>0x802c</load_address>
         <run_address>0x802c</run_address>
         <size>0x0</size>
      </object_component>
      <object_component id="oc-5a5">
         <name>.const:.string</name>
         <load_address>0x802c</load_address>
         <run_address>0x802c</run_address>
         <size>0x14</size>
         <input_file_ref idref="fl-84"/>
      </object_component>
      <object_component id="oc-72a">
         <name>.text:xQueueGenericSend</name>
         <load_address>0x8040</load_address>
         <run_address>0x8040</run_address>
         <size>0x196</size>
         <input_file_ref idref="fl-7"/>
      </object_component>
      <object_component id="oc-63d">
         <name>.text:prvAddNewTaskToReadyList$7</name>
         <load_address>0x81d6</load_address>
         <run_address>0x81d6</run_address>
         <size>0x18c</size>
         <input_file_ref idref="fl-9"/>
      </object_component>
      <object_component id="oc-6ec">
         <name>.text:xQueueReceive</name>
         <load_address>0x8362</load_address>
         <run_address>0x8362</run_address>
         <size>0x178</size>
         <input_file_ref idref="fl-7"/>
      </object_component>
      <object_component id="oc-65a">
         <name>.text:prvProcessTimerOrBlockTask$8</name>
         <load_address>0x84da</load_address>
         <run_address>0x84da</run_address>
         <size>0x15a</size>
         <input_file_ref idref="fl-a"/>
      </object_component>
      <object_component id="oc-660">
         <name>.text:prvProcessReceivedCommands$8</name>
         <load_address>0x8634</load_address>
         <run_address>0x8634</run_address>
         <size>0x146</size>
         <input_file_ref idref="fl-a"/>
      </object_component>
      <object_component id="oc-58b">
         <name>.text:xTaskIncrementTick</name>
         <load_address>0x877a</load_address>
         <run_address>0x877a</run_address>
         <size>0x12c</size>
         <input_file_ref idref="fl-9"/>
      </object_component>
      <object_component id="oc-753">
         <name>.text:prvCopyDataToQueue$5</name>
         <load_address>0x88a6</load_address>
         <run_address>0x88a6</run_address>
         <size>0xf2</size>
         <input_file_ref idref="fl-7"/>
      </object_component>
      <object_component id="oc-66">
         <name>.text:decompress:lzss:__TI_decompress_lzss</name>
         <load_address>0x8998</load_address>
         <run_address>0x8998</run_address>
         <size>0xee</size>
         <input_file_ref idref="fl-2e"/>
      </object_component>
      <object_component id="oc-62a">
         <name>.text:xTaskResumeAll</name>
         <load_address>0x8a86</load_address>
         <run_address>0x8a86</run_address>
         <size>0xec</size>
         <input_file_ref idref="fl-9"/>
      </object_component>
      <object_component id="oc-731">
         <name>.text:xTaskRemoveFromEventList</name>
         <load_address>0x8b72</load_address>
         <run_address>0x8b72</run_address>
         <size>0xd6</size>
         <input_file_ref idref="fl-9"/>
      </object_component>
      <object_component id="oc-6d3">
         <name>.text:prvSampleTimeNow$8</name>
         <load_address>0x8c48</load_address>
         <run_address>0x8c48</run_address>
         <size>0xd0</size>
         <input_file_ref idref="fl-a"/>
      </object_component>
      <object_component id="oc-591">
         <name>.text:vTaskSwitchContext</name>
         <load_address>0x8d18</load_address>
         <run_address>0x8d18</run_address>
         <size>0xc0</size>
         <input_file_ref idref="fl-9"/>
      </object_component>
      <object_component id="oc-6cc">
         <name>.text:prvInitialiseNewQueue$5</name>
         <load_address>0x8dd8</load_address>
         <run_address>0x8dd8</run_address>
         <size>0xbe</size>
         <input_file_ref idref="fl-7"/>
      </object_component>
      <object_component id="oc-637">
         <name>.text:prvInitialiseNewTask$7</name>
         <load_address>0x8e96</load_address>
         <run_address>0x8e96</run_address>
         <size>0xbc</size>
         <input_file_ref idref="fl-9"/>
      </object_component>
      <object_component id="oc-624">
         <name>.text:prvAddCurrentTaskToDelayedList$7</name>
         <load_address>0x8f52</load_address>
         <run_address>0x8f52</run_address>
         <size>0xa8</size>
         <input_file_ref idref="fl-9"/>
      </object_component>
      <object_component id="oc-744">
         <name>.text:xTaskCheckForTimeOut</name>
         <load_address>0x8ffa</load_address>
         <run_address>0x8ffa</run_address>
         <size>0xa8</size>
         <input_file_ref idref="fl-9"/>
      </object_component>
      <object_component id="oc-551">
         <name>.text</name>
         <load_address>0x90a2</load_address>
         <run_address>0x90a2</run_address>
         <size>0xa6</size>
         <input_file_ref idref="fl-c"/>
      </object_component>
      <object_component id="oc-6e5">
         <name>.text:prvUnlockQueue$5</name>
         <load_address>0x9148</load_address>
         <run_address>0x9148</run_address>
         <size>0x96</size>
         <input_file_ref idref="fl-7"/>
      </object_component>
      <object_component id="oc-55f">
         <name>.text:main</name>
         <load_address>0x91de</load_address>
         <run_address>0x91de</run_address>
         <size>0x8e</size>
         <input_file_ref idref="fl-3"/>
      </object_component>
      <object_component id="oc-5b2">
         <name>.text:prvCheckForValidListAndQueue$8</name>
         <load_address>0x926c</load_address>
         <run_address>0x926c</run_address>
         <size>0x80</size>
         <input_file_ref idref="fl-a"/>
      </object_component>
      <object_component id="oc-5ac">
         <name>.text:prvIdleTask$7</name>
         <load_address>0x92ec</load_address>
         <run_address>0x92ec</run_address>
         <size>0x6c</size>
         <input_file_ref idref="fl-9"/>
      </object_component>
      <object_component id="oc-5e6">
         <name>.text:__TI_auto_init_nobinit_nopinit_hold_wdt:__TI_auto_init_nobinit_nopinit_hold_wdt</name>
         <load_address>0x9358</load_address>
         <run_address>0x9358</run_address>
         <size>0x6a</size>
         <input_file_ref idref="fl-53"/>
      </object_component>
      <object_component id="oc-6d9">
         <name>.text:prvInsertTimerInActiveList$8</name>
         <load_address>0x93c2</load_address>
         <run_address>0x93c2</run_address>
         <size>0x6a</size>
         <input_file_ref idref="fl-a"/>
      </object_component>
      <object_component id="oc-6a1">
         <name>.text:vListInsert</name>
         <load_address>0x942c</load_address>
         <run_address>0x942c</run_address>
         <size>0x5c</size>
         <input_file_ref idref="fl-6"/>
      </object_component>
      <object_component id="oc-5a6">
         <name>.text:xTaskCreate</name>
         <load_address>0x9488</load_address>
         <run_address>0x9488</run_address>
         <size>0x5a</size>
         <input_file_ref idref="fl-9"/>
      </object_component>
      <object_component id="oc-631">
         <name>.text:pvPortMalloc</name>
         <load_address>0x94e2</load_address>
         <run_address>0x94e2</run_address>
         <size>0x56</size>
         <input_file_ref idref="fl-d"/>
      </object_component>
      <object_component id="oc-6df">
         <name>.text:xTimerGenericCommand</name>
         <load_address>0x9538</load_address>
         <run_address>0x9538</run_address>
         <size>0x46</size>
         <input_file_ref idref="fl-a"/>
      </object_component>
      <object_component id="oc-494">
         <name>.text:__memcpy_far</name>
         <load_address>0x957e</load_address>
         <run_address>0x957e</run_address>
         <size>0x40</size>
         <input_file_ref idref="fl-49"/>
      </object_component>
      <object_component id="oc-651">
         <name>.text:xQueueGenericCreate</name>
         <load_address>0x95be</load_address>
         <run_address>0x95be</run_address>
         <size>0x40</size>
         <input_file_ref idref="fl-7"/>
      </object_component>
      <object_component id="oc-4ac">
         <name>.text:decompress:ZI:__TI_zero_init</name>
         <load_address>0x95fe</load_address>
         <run_address>0x95fe</run_address>
         <size>0x3e</size>
         <input_file_ref idref="fl-48"/>
      </object_component>
      <object_component id="oc-571">
         <name>.text:__mpu_init</name>
         <load_address>0x963c</load_address>
         <run_address>0x963c</run_address>
         <size>0x3c</size>
         <input_file_ref idref="fl-51"/>
      </object_component>
      <object_component id="oc-6c">
         <name>.text:decompress:none:__TI_decompress_none</name>
         <load_address>0x9678</load_address>
         <run_address>0x9678</run_address>
         <size>0x3c</size>
         <input_file_ref idref="fl-2f"/>
      </object_component>
      <object_component id="oc-59f">
         <name>.text:blink$1</name>
         <load_address>0x96b4</load_address>
         <run_address>0x96b4</run_address>
         <size>0x32</size>
         <input_file_ref idref="fl-3"/>
      </object_component>
      <object_component id="oc-613">
         <name>.text:uxListRemove</name>
         <load_address>0x96e6</load_address>
         <run_address>0x96e6</run_address>
         <size>0x30</size>
         <input_file_ref idref="fl-6"/>
      </object_component>
      <object_component id="oc-74a">
         <name>.text:prvCopyDataFromQueue$5</name>
         <load_address>0x9716</load_address>
         <run_address>0x9716</run_address>
         <size>0x2e</size>
         <input_file_ref idref="fl-7"/>
      </object_component>
      <object_component id="oc-60d">
         <name>.text:prvResetNextTaskUnblockTime$7</name>
         <load_address>0x9744</load_address>
         <run_address>0x9744</run_address>
         <size>0x2e</size>
         <input_file_ref idref="fl-9"/>
      </object_component>
      <object_component id="oc-5bb">
         <name>.text:prvTimerTask$8</name>
         <load_address>0x9772</load_address>
         <run_address>0x9772</run_address>
         <size>0x2e</size>
         <input_file_ref idref="fl-a"/>
      </object_component>
      <object_component id="oc-73e">
         <name>.text:vTaskPlaceOnEventList</name>
         <load_address>0x97a0</load_address>
         <run_address>0x97a0</run_address>
         <size>0x2e</size>
         <input_file_ref idref="fl-9"/>
      </object_component>
      <object_component id="oc-738">
         <name>.text:prvIsQueueEmpty$5</name>
         <load_address>0x97ce</load_address>
         <run_address>0x97ce</run_address>
         <size>0x2c</size>
         <input_file_ref idref="fl-7"/>
      </object_component>
      <object_component id="oc-619">
         <name>.text</name>
         <load_address>0x97fa</load_address>
         <run_address>0x97fa</run_address>
         <size>0x18</size>
         <input_file_ref idref="fl-4b"/>
      </object_component>
      <object_component id="oc-6b6">
         <name>.text:memset</name>
         <load_address>0x9812</load_address>
         <run_address>0x9812</run_address>
         <size>0x14</size>
         <input_file_ref idref="fl-5a"/>
      </object_component>
      <object_component id="oc-70d">
         <name>.text:memcpy</name>
         <load_address>0x9826</load_address>
         <run_address>0x9826</run_address>
         <size>0x10</size>
         <input_file_ref idref="fl-59"/>
      </object_component>
      <object_component id="oc-597">
         <name>.text:vApplicationSetupTimerInterrupt</name>
         <load_address>0x9836</load_address>
         <run_address>0x9836</run_address>
         <size>0xc</size>
         <input_file_ref idref="fl-2"/>
      </object_component>
      <object_component id="oc-559">
         <name>.text:_system_pre_init</name>
         <load_address>0x9842</load_address>
         <run_address>0x9842</run_address>
         <size>0xa</size>
         <input_file_ref idref="fl-2"/>
      </object_component>
      <object_component id="oc-5c2">
         <name>.text:abort</name>
         <load_address>0x984c</load_address>
         <run_address>0x984c</run_address>
         <size>0x6</size>
         <input_file_ref idref="fl-56"/>
      </object_component>
      <object_component id="oc-679">
         <name>.text:_system_post_cinit</name>
         <load_address>0x9852</load_address>
         <run_address>0x9852</run_address>
         <size>0x2</size>
         <input_file_ref idref="fl-54"/>
      </object_component>
      <object_component id="oc-4d0">
         <name>.text:_isr:_c_int00_noargs_mpu</name>
         <load_address>0x9854</load_address>
         <run_address>0x9854</run_address>
         <size>0x20</size>
         <input_file_ref idref="fl-50"/>
      </object_component>
      <object_component id="oc-4a0">
         <name>.text:_isr:vTickISREntry</name>
         <load_address>0x9874</load_address>
         <run_address>0x9874</run_address>
         <size>0x10</size>
         <input_file_ref idref="fl-b"/>
      </object_component>
      <object_component id="oc-49b">
         <name>.text:_isr:__TI_ISR_TRAP</name>
         <load_address>0x9884</load_address>
         <run_address>0x9884</run_address>
         <size>0x8</size>
         <input_file_ref idref="fl-31"/>
      </object_component>
      <object_component id="oc-61e">
         <name>.bss:pxReadyTasksLists$7</name>
         <uninitialized>true</uninitialized>
         <run_address>0x2c00</run_address>
         <size>0x18</size>
         <input_file_ref idref="fl-9"/>
      </object_component>
      <object_component id="oc-6bd">
         <name>.bss:xDelayedTaskList1$7</name>
         <uninitialized>true</uninitialized>
         <run_address>0x2c30</run_address>
         <size>0xc</size>
         <input_file_ref idref="fl-9"/>
      </object_component>
      <object_component id="oc-6c0">
         <name>.bss:xDelayedTaskList2$7</name>
         <uninitialized>true</uninitialized>
         <run_address>0x2c3c</run_address>
         <size>0xc</size>
         <input_file_ref idref="fl-9"/>
      </object_component>
      <object_component id="oc-60a">
         <name>.bss</name>
         <uninitialized>true</uninitialized>
         <run_address>0x2c6c</run_address>
         <size>0x4</size>
         <input_file_ref idref="fl-9"/>
      </object_component>
      <object_component id="oc-6ab">
         <name>.bss:xPendingReadyList$7</name>
         <uninitialized>true</uninitialized>
         <run_address>0x2c48</run_address>
         <size>0xc</size>
         <input_file_ref idref="fl-9"/>
      </object_component>
      <object_component id="oc-644">
         <name>.bss:xTasksWaitingTermination$7</name>
         <uninitialized>true</uninitialized>
         <run_address>0x2c60</run_address>
         <size>0xc</size>
         <input_file_ref idref="fl-9"/>
      </object_component>
      <object_component id="oc-6a7">
         <name>.bss:xSuspendedTaskList$7</name>
         <uninitialized>true</uninitialized>
         <run_address>0x2c54</run_address>
         <size>0xc</size>
         <input_file_ref idref="fl-9"/>
      </object_component>
      <object_component id="oc-648">
         <name>.bss:xActiveTimerList1$8</name>
         <uninitialized>true</uninitialized>
         <run_address>0x2c18</run_address>
         <size>0xc</size>
         <input_file_ref idref="fl-a"/>
      </object_component>
      <object_component id="oc-64b">
         <name>.bss:xActiveTimerList2$8</name>
         <uninitialized>true</uninitialized>
         <run_address>0x2c24</run_address>
         <size>0xc</size>
         <input_file_ref idref="fl-a"/>
      </object_component>
      <object_component id="oc-64e">
         <name>.bss</name>
         <uninitialized>true</uninitialized>
         <run_address>0x2c70</run_address>
         <size>0x4</size>
         <input_file_ref idref="fl-a"/>
      </object_component>
      <object_component id="oc-6b2">
         <name>.bss:ucHeap$10</name>
         <uninitialized>true</uninitialized>
         <run_address>0x2000</run_address>
         <size>0xc00</size>
         <input_file_ref idref="fl-d"/>
      </object_component>
      <object_component id="oc-585">
         <name>.data</name>
         <load_address>0x2c9e</load_address>
         <run_address>0x2c9e</run_address>
         <size>0x2</size>
         <input_file_ref idref="fl-b"/>
      </object_component>
      <object_component id="oc-588">
         <name>.data</name>
         <load_address>0x2c74</load_address>
         <run_address>0x2c74</run_address>
         <size>0x1e</size>
         <input_file_ref idref="fl-9"/>
      </object_component>
      <object_component id="oc-5b8">
         <name>.data</name>
         <load_address>0x2c92</load_address>
         <run_address>0x2c92</run_address>
         <size>0x8</size>
         <input_file_ref idref="fl-a"/>
      </object_component>
      <object_component id="oc-6af">
         <name>.data</name>
         <load_address>0x2c9a</load_address>
         <run_address>0x2c9a</run_address>
         <size>0x4</size>
         <input_file_ref idref="fl-d"/>
      </object_component>
      <object_component id="oc-480">
         <name>.stack</name>
         <uninitialized>true</uninitialized>
         <run_address>0x2f60</run_address>
         <size>0x2</size>
         <input_file_ref idref="fl-50"/>
      </object_component>
      <object_component id="oc-7c4">
         <name>.stack</name>
         <uninitialized>true</uninitialized>
         <run_address>0x2f60</run_address>
         <size>0x0</size>
      </object_component>
      <object_component id="oc-72">
         <name>.int22</name>
         <load_address>0xffce</load_address>
         <run_address>0xffce</run_address>
         <size>0x2</size>
         <input_file_ref idref="fl-30"/>
      </object_component>
      <object_component id="oc-73">
         <name>.int23</name>
         <load_address>0xffd0</load_address>
         <run_address>0xffd0</run_address>
         <size>0x2</size>
         <input_file_ref idref="fl-32"/>
      </object_component>
      <object_component id="oc-74">
         <name>.int24</name>
         <load_address>0xffd2</load_address>
         <run_address>0xffd2</run_address>
         <size>0x2</size>
         <input_file_ref idref="fl-33"/>
      </object_component>
      <object_component id="oc-75">
         <name>.int25</name>
         <load_address>0xffd4</load_address>
         <run_address>0xffd4</run_address>
         <size>0x2</size>
         <input_file_ref idref="fl-34"/>
      </object_component>
      <object_component id="oc-76">
         <name>.int26</name>
         <load_address>0xffd6</load_address>
         <run_address>0xffd6</run_address>
         <size>0x2</size>
         <input_file_ref idref="fl-35"/>
      </object_component>
      <object_component id="oc-77">
         <name>.int27</name>
         <load_address>0xffd8</load_address>
         <run_address>0xffd8</run_address>
         <size>0x2</size>
         <input_file_ref idref="fl-36"/>
      </object_component>
      <object_component id="oc-78">
         <name>.int28</name>
         <load_address>0xffda</load_address>
         <run_address>0xffda</run_address>
         <size>0x2</size>
         <input_file_ref idref="fl-37"/>
      </object_component>
      <object_component id="oc-79">
         <name>.int29</name>
         <load_address>0xffdc</load_address>
         <run_address>0xffdc</run_address>
         <size>0x2</size>
         <input_file_ref idref="fl-38"/>
      </object_component>
      <object_component id="oc-7a">
         <name>.int30</name>
         <load_address>0xffde</load_address>
         <run_address>0xffde</run_address>
         <size>0x2</size>
         <input_file_ref idref="fl-39"/>
      </object_component>
      <object_component id="oc-7b">
         <name>.int31</name>
         <load_address>0xffe0</load_address>
         <run_address>0xffe0</run_address>
         <size>0x2</size>
         <input_file_ref idref="fl-3a"/>
      </object_component>
      <object_component id="oc-7c">
         <name>.int32</name>
         <load_address>0xffe2</load_address>
         <run_address>0xffe2</run_address>
         <size>0x2</size>
         <input_file_ref idref="fl-3b"/>
      </object_component>
      <object_component id="oc-7d">
         <name>.int33</name>
         <load_address>0xffe4</load_address>
         <run_address>0xffe4</run_address>
         <size>0x2</size>
         <input_file_ref idref="fl-3c"/>
      </object_component>
      <object_component id="oc-7e">
         <name>.int34</name>
         <load_address>0xffe6</load_address>
         <run_address>0xffe6</run_address>
         <size>0x2</size>
         <input_file_ref idref="fl-84"/>
      </object_component>
      <object_component id="oc-7f">
         <name>.int35</name>
         <load_address>0xffe8</load_address>
         <run_address>0xffe8</run_address>
         <size>0x2</size>
         <input_file_ref idref="fl-3d"/>
      </object_component>
      <object_component id="oc-80">
         <name>.int36</name>
         <load_address>0xffea</load_address>
         <run_address>0xffea</run_address>
         <size>0x2</size>
         <input_file_ref idref="fl-3e"/>
      </object_component>
      <object_component id="oc-81">
         <name>.int37</name>
         <load_address>0xffec</load_address>
         <run_address>0xffec</run_address>
         <size>0x2</size>
         <input_file_ref idref="fl-3f"/>
      </object_component>
      <object_component id="oc-82">
         <name>.int38</name>
         <load_address>0xffee</load_address>
         <run_address>0xffee</run_address>
         <size>0x2</size>
         <input_file_ref idref="fl-40"/>
      </object_component>
      <object_component id="oc-83">
         <name>.int39</name>
         <load_address>0xfff0</load_address>
         <run_address>0xfff0</run_address>
         <size>0x2</size>
         <input_file_ref idref="fl-41"/>
      </object_component>
      <object_component id="oc-84">
         <name>.int40</name>
         <load_address>0xfff2</load_address>
         <run_address>0xfff2</run_address>
         <size>0x2</size>
         <input_file_ref idref="fl-42"/>
      </object_component>
      <object_component id="oc-85">
         <name>.int41</name>
         <load_address>0xfff4</load_address>
         <run_address>0xfff4</run_address>
         <size>0x2</size>
         <input_file_ref idref="fl-43"/>
      </object_component>
      <object_component id="oc-86">
         <name>.int42</name>
         <load_address>0xfff6</load_address>
         <run_address>0xfff6</run_address>
         <size>0x2</size>
         <input_file_ref idref="fl-44"/>
      </object_component>
      <object_component id="oc-87">
         <name>.int43</name>
         <load_address>0xfff8</load_address>
         <run_address>0xfff8</run_address>
         <size>0x2</size>
         <input_file_ref idref="fl-45"/>
      </object_component>
      <object_component id="oc-88">
         <name>.int44</name>
         <load_address>0xfffa</load_address>
         <run_address>0xfffa</run_address>
         <size>0x2</size>
         <input_file_ref idref="fl-46"/>
      </object_component>
      <object_component id="oc-89">
         <name>.int45</name>
         <load_address>0xfffc</load_address>
         <run_address>0xfffc</run_address>
         <size>0x2</size>
         <input_file_ref idref="fl-47"/>
      </object_component>
      <object_component id="oc-483">
         <name>.reset</name>
         <load_address>0xfffe</load_address>
         <run_address>0xfffe</run_address>
         <size>0x2</size>
         <input_file_ref idref="fl-50"/>
      </object_component>
      <object_component id="oc-554">
         <name>.debug_info</name>
         <load_address>0x0</load_address>
         <run_address>0x0</run_address>
         <size>0x24c</size>
         <input_file_ref idref="fl-c"/>
      </object_component>
      <object_component id="oc-49d">
         <name>.debug_info</name>
         <load_address>0x24c</load_address>
         <run_address>0x24c</run_address>
         <size>0x10e</size>
         <input_file_ref idref="fl-31"/>
      </object_component>
      <object_component id="oc-496">
         <name>.debug_info</name>
         <load_address>0x35a</load_address>
         <run_address>0x35a</run_address>
         <size>0x120</size>
         <input_file_ref idref="fl-49"/>
      </object_component>
      <object_component id="oc-61b">
         <name>.debug_info</name>
         <load_address>0x47a</load_address>
         <run_address>0x47a</run_address>
         <size>0x12f</size>
         <input_file_ref idref="fl-4b"/>
      </object_component>
      <object_component id="oc-481">
         <name>.debug_info</name>
         <load_address>0x5a9</load_address>
         <run_address>0x5a9</run_address>
         <size>0xff</size>
         <input_file_ref idref="fl-50"/>
      </object_component>
      <object_component id="oc-4d1">
         <name>.debug_info</name>
         <load_address>0x6a8</load_address>
         <run_address>0x6a8</run_address>
         <size>0x192</size>
         <input_file_ref idref="fl-50"/>
      </object_component>
      <object_component id="oc-575">
         <name>.debug_info</name>
         <load_address>0x83a</load_address>
         <run_address>0x83a</run_address>
         <size>0x1ae</size>
         <input_file_ref idref="fl-51"/>
      </object_component>
      <object_component id="oc-601">
         <name>.debug_info</name>
         <load_address>0x9e8</load_address>
         <run_address>0x9e8</run_address>
         <size>0x18b</size>
         <input_file_ref idref="fl-51"/>
      </object_component>
      <object_component id="oc-680">
         <name>.debug_info</name>
         <load_address>0xb73</load_address>
         <run_address>0xb73</run_address>
         <size>0x408</size>
         <input_file_ref idref="fl-53"/>
      </object_component>
      <object_component id="oc-5e7">
         <name>.debug_info</name>
         <load_address>0xf7b</load_address>
         <run_address>0xf7b</run_address>
         <size>0x215</size>
         <input_file_ref idref="fl-53"/>
      </object_component>
      <object_component id="oc-708">
         <name>.debug_info</name>
         <load_address>0x1190</load_address>
         <run_address>0x1190</run_address>
         <size>0x39</size>
         <input_file_ref idref="fl-53"/>
      </object_component>
      <object_component id="oc-714">
         <name>.debug_info</name>
         <load_address>0x11c9</load_address>
         <run_address>0x11c9</run_address>
         <size>0x2c</size>
         <input_file_ref idref="fl-53"/>
      </object_component>
      <object_component id="oc-68b">
         <name>.debug_info</name>
         <load_address>0x11f5</load_address>
         <run_address>0x11f5</run_address>
         <size>0x2c</size>
         <input_file_ref idref="fl-53"/>
      </object_component>
      <object_component id="oc-67c">
         <name>.debug_info</name>
         <load_address>0x1221</load_address>
         <run_address>0x1221</run_address>
         <size>0x14f</size>
         <input_file_ref idref="fl-54"/>
      </object_component>
      <object_component id="oc-5c3">
         <name>.debug_info</name>
         <load_address>0x1370</load_address>
         <run_address>0x1370</run_address>
         <size>0x121</size>
         <input_file_ref idref="fl-56"/>
      </object_component>
      <object_component id="oc-49a">
         <name>.debug_info</name>
         <load_address>0x1491</load_address>
         <run_address>0x1491</run_address>
         <size>0x7e1</size>
         <input_file_ref idref="fl-84"/>
      </object_component>
      <object_component id="oc-586">
         <name>.debug_info</name>
         <load_address>0x1c72</load_address>
         <run_address>0x1c72</run_address>
         <size>0xdb</size>
         <input_file_ref idref="fl-84"/>
      </object_component>
      <object_component id="oc-589">
         <name>.debug_info</name>
         <load_address>0x1d4d</load_address>
         <run_address>0x1d4d</run_address>
         <size>0x34c</size>
         <input_file_ref idref="fl-84"/>
      </object_component>
      <object_component id="oc-61f">
         <name>.debug_info</name>
         <load_address>0x2099</load_address>
         <run_address>0x2099</run_address>
         <size>0xdd</size>
         <input_file_ref idref="fl-84"/>
      </object_component>
      <object_component id="oc-6be">
         <name>.debug_info</name>
         <load_address>0x2176</load_address>
         <run_address>0x2176</run_address>
         <size>0xdd</size>
         <input_file_ref idref="fl-84"/>
      </object_component>
      <object_component id="oc-6c1">
         <name>.debug_info</name>
         <load_address>0x2253</load_address>
         <run_address>0x2253</run_address>
         <size>0xdd</size>
         <input_file_ref idref="fl-84"/>
      </object_component>
      <object_component id="oc-60b">
         <name>.debug_info</name>
         <load_address>0x2330</load_address>
         <run_address>0x2330</run_address>
         <size>0x122</size>
         <input_file_ref idref="fl-84"/>
      </object_component>
      <object_component id="oc-6ac">
         <name>.debug_info</name>
         <load_address>0x2452</load_address>
         <run_address>0x2452</run_address>
         <size>0xdd</size>
         <input_file_ref idref="fl-84"/>
      </object_component>
      <object_component id="oc-645">
         <name>.debug_info</name>
         <load_address>0x252f</load_address>
         <run_address>0x252f</run_address>
         <size>0xeb</size>
         <input_file_ref idref="fl-84"/>
      </object_component>
      <object_component id="oc-6a8">
         <name>.debug_info</name>
         <load_address>0x261a</load_address>
         <run_address>0x261a</run_address>
         <size>0xdf</size>
         <input_file_ref idref="fl-84"/>
      </object_component>
      <object_component id="oc-649">
         <name>.debug_info</name>
         <load_address>0x26f9</load_address>
         <run_address>0x26f9</run_address>
         <size>0xdc</size>
         <input_file_ref idref="fl-84"/>
      </object_component>
      <object_component id="oc-64c">
         <name>.debug_info</name>
         <load_address>0x27d5</load_address>
         <run_address>0x27d5</run_address>
         <size>0xdc</size>
         <input_file_ref idref="fl-84"/>
      </object_component>
      <object_component id="oc-64f">
         <name>.debug_info</name>
         <load_address>0x28b1</load_address>
         <run_address>0x28b1</run_address>
         <size>0x116</size>
         <input_file_ref idref="fl-84"/>
      </object_component>
      <object_component id="oc-5b9">
         <name>.debug_info</name>
         <load_address>0x29c7</load_address>
         <run_address>0x29c7</run_address>
         <size>0x102</size>
         <input_file_ref idref="fl-84"/>
      </object_component>
      <object_component id="oc-6b3">
         <name>.debug_info</name>
         <load_address>0x2ac9</load_address>
         <run_address>0x2ac9</run_address>
         <size>0xc7</size>
         <input_file_ref idref="fl-84"/>
      </object_component>
      <object_component id="oc-6b0">
         <name>.debug_info</name>
         <load_address>0x2b90</load_address>
         <run_address>0x2b90</run_address>
         <size>0xd5</size>
         <input_file_ref idref="fl-84"/>
      </object_component>
      <object_component id="oc-60e">
         <name>.debug_info</name>
         <load_address>0x2c65</load_address>
         <run_address>0x2c65</run_address>
         <size>0x14a</size>
         <input_file_ref idref="fl-84"/>
      </object_component>
      <object_component id="oc-614">
         <name>.debug_info</name>
         <load_address>0x2daf</load_address>
         <run_address>0x2daf</run_address>
         <size>0x170</size>
         <input_file_ref idref="fl-84"/>
      </object_component>
      <object_component id="oc-58c">
         <name>.debug_info</name>
         <load_address>0x2f1f</load_address>
         <run_address>0x2f1f</run_address>
         <size>0x248</size>
         <input_file_ref idref="fl-84"/>
      </object_component>
      <object_component id="oc-4a1">
         <name>.debug_info</name>
         <load_address>0x3167</load_address>
         <run_address>0x3167</run_address>
         <size>0x157</size>
         <input_file_ref idref="fl-84"/>
      </object_component>
      <object_component id="oc-592">
         <name>.debug_info</name>
         <load_address>0x32be</load_address>
         <run_address>0x32be</run_address>
         <size>0x193</size>
         <input_file_ref idref="fl-84"/>
      </object_component>
      <object_component id="oc-62b">
         <name>.debug_info</name>
         <load_address>0x3451</load_address>
         <run_address>0x3451</run_address>
         <size>0x218</size>
         <input_file_ref idref="fl-84"/>
      </object_component>
      <object_component id="oc-745">
         <name>.debug_info</name>
         <load_address>0x3669</load_address>
         <run_address>0x3669</run_address>
         <size>0x20b</size>
         <input_file_ref idref="fl-84"/>
      </object_component>
      <object_component id="oc-732">
         <name>.debug_info</name>
         <load_address>0x3874</load_address>
         <run_address>0x3874</run_address>
         <size>0x210</size>
         <input_file_ref idref="fl-84"/>
      </object_component>
      <object_component id="oc-6e6">
         <name>.debug_info</name>
         <load_address>0x3a84</load_address>
         <run_address>0x3a84</run_address>
         <size>0x1b1</size>
         <input_file_ref idref="fl-84"/>
      </object_component>
      <object_component id="oc-6a2">
         <name>.debug_info</name>
         <load_address>0x3c35</load_address>
         <run_address>0x3c35</run_address>
         <size>0x1c8</size>
         <input_file_ref idref="fl-84"/>
      </object_component>
      <object_component id="oc-625">
         <name>.debug_info</name>
         <load_address>0x3dfd</load_address>
         <run_address>0x3dfd</run_address>
         <size>0x286</size>
         <input_file_ref idref="fl-84"/>
      </object_component>
      <object_component id="oc-73f">
         <name>.debug_info</name>
         <load_address>0x4083</load_address>
         <run_address>0x4083</run_address>
         <size>0x1e7</size>
         <input_file_ref idref="fl-84"/>
      </object_component>
      <object_component id="oc-70e">
         <name>.debug_info</name>
         <load_address>0x426a</load_address>
         <run_address>0x426a</run_address>
         <size>0x125</size>
         <input_file_ref idref="fl-84"/>
      </object_component>
      <object_component id="oc-754">
         <name>.debug_info</name>
         <load_address>0x438f</load_address>
         <run_address>0x438f</run_address>
         <size>0x23b</size>
         <input_file_ref idref="fl-84"/>
      </object_component>
      <object_component id="oc-72b">
         <name>.debug_info</name>
         <load_address>0x45ca</load_address>
         <run_address>0x45ca</run_address>
         <size>0x342</size>
         <input_file_ref idref="fl-84"/>
      </object_component>
      <object_component id="oc-6e0">
         <name>.debug_info</name>
         <load_address>0x490c</load_address>
         <run_address>0x490c</run_address>
         <size>0x1ef</size>
         <input_file_ref idref="fl-84"/>
      </object_component>
      <object_component id="oc-5ad">
         <name>.debug_info</name>
         <load_address>0x4afb</load_address>
         <run_address>0x4afb</run_address>
         <size>0x163</size>
         <input_file_ref idref="fl-84"/>
      </object_component>
      <object_component id="oc-5a0">
         <name>.debug_info</name>
         <load_address>0x4c5e</load_address>
         <run_address>0x4c5e</run_address>
         <size>0x156</size>
         <input_file_ref idref="fl-84"/>
      </object_component>
      <object_component id="oc-6d4">
         <name>.debug_info</name>
         <load_address>0x4db4</load_address>
         <run_address>0x4db4</run_address>
         <size>0x28e</size>
         <input_file_ref idref="fl-84"/>
      </object_component>
      <object_component id="oc-6da">
         <name>.debug_info</name>
         <load_address>0x5042</load_address>
         <run_address>0x5042</run_address>
         <size>0x279</size>
         <input_file_ref idref="fl-84"/>
      </object_component>
      <object_component id="oc-65b">
         <name>.debug_info</name>
         <load_address>0x52bb</load_address>
         <run_address>0x52bb</run_address>
         <size>0x42c</size>
         <input_file_ref idref="fl-84"/>
      </object_component>
      <object_component id="oc-739">
         <name>.debug_info</name>
         <load_address>0x56e7</load_address>
         <run_address>0x56e7</run_address>
         <size>0x162</size>
         <input_file_ref idref="fl-84"/>
      </object_component>
      <object_component id="oc-74b">
         <name>.debug_info</name>
         <load_address>0x5849</load_address>
         <run_address>0x5849</run_address>
         <size>0x191</size>
         <input_file_ref idref="fl-84"/>
      </object_component>
      <object_component id="oc-6ed">
         <name>.debug_info</name>
         <load_address>0x59da</load_address>
         <run_address>0x59da</run_address>
         <size>0x347</size>
         <input_file_ref idref="fl-84"/>
      </object_component>
      <object_component id="oc-661">
         <name>.debug_info</name>
         <load_address>0x5d21</load_address>
         <run_address>0x5d21</run_address>
         <size>0x267</size>
         <input_file_ref idref="fl-84"/>
      </object_component>
      <object_component id="oc-5bc">
         <name>.debug_info</name>
         <load_address>0x5f88</load_address>
         <run_address>0x5f88</run_address>
         <size>0x1c5</size>
         <input_file_ref idref="fl-84"/>
      </object_component>
      <object_component id="oc-632">
         <name>.debug_info</name>
         <load_address>0x614d</load_address>
         <run_address>0x614d</run_address>
         <size>0x1d1</size>
         <input_file_ref idref="fl-84"/>
      </object_component>
      <object_component id="oc-6b7">
         <name>.debug_info</name>
         <load_address>0x631e</load_address>
         <run_address>0x631e</run_address>
         <size>0x229</size>
         <input_file_ref idref="fl-84"/>
      </object_component>
      <object_component id="oc-638">
         <name>.debug_info</name>
         <load_address>0x6547</load_address>
         <run_address>0x6547</run_address>
         <size>0x28b</size>
         <input_file_ref idref="fl-84"/>
      </object_component>
      <object_component id="oc-63e">
         <name>.debug_info</name>
         <load_address>0x67d2</load_address>
         <run_address>0x67d2</run_address>
         <size>0x199</size>
         <input_file_ref idref="fl-84"/>
      </object_component>
      <object_component id="oc-5a7">
         <name>.debug_info</name>
         <load_address>0x696b</load_address>
         <run_address>0x696b</run_address>
         <size>0x2a3</size>
         <input_file_ref idref="fl-84"/>
      </object_component>
      <object_component id="oc-6cd">
         <name>.debug_info</name>
         <load_address>0x6c0e</load_address>
         <run_address>0x6c0e</run_address>
         <size>0x26d</size>
         <input_file_ref idref="fl-84"/>
      </object_component>
      <object_component id="oc-652">
         <name>.debug_info</name>
         <load_address>0x6e7b</load_address>
         <run_address>0x6e7b</run_address>
         <size>0x26f</size>
         <input_file_ref idref="fl-84"/>
      </object_component>
      <object_component id="oc-5b3">
         <name>.debug_info</name>
         <load_address>0x70ea</load_address>
         <run_address>0x70ea</run_address>
         <size>0x14f</size>
         <input_file_ref idref="fl-84"/>
      </object_component>
      <object_component id="oc-560">
         <name>.debug_info</name>
         <load_address>0x7239</load_address>
         <run_address>0x7239</run_address>
         <size>0x192</size>
         <input_file_ref idref="fl-84"/>
      </object_component>
      <object_component id="oc-55a">
         <name>.debug_info</name>
         <load_address>0x73cb</load_address>
         <run_address>0x73cb</run_address>
         <size>0x115</size>
         <input_file_ref idref="fl-84"/>
      </object_component>
      <object_component id="oc-4ad">
         <name>.debug_info</name>
         <load_address>0x74e0</load_address>
         <run_address>0x74e0</run_address>
         <size>0x171</size>
         <input_file_ref idref="fl-84"/>
      </object_component>
      <object_component id="oc-6d">
         <name>.debug_info</name>
         <load_address>0x7651</load_address>
         <run_address>0x7651</run_address>
         <size>0x19c</size>
         <input_file_ref idref="fl-84"/>
      </object_component>
      <object_component id="oc-67">
         <name>.debug_info</name>
         <load_address>0x77ed</load_address>
         <run_address>0x77ed</run_address>
         <size>0x262</size>
         <input_file_ref idref="fl-84"/>
      </object_component>
      <object_component id="oc-598">
         <name>.debug_info</name>
         <load_address>0x7a4f</load_address>
         <run_address>0x7a4f</run_address>
         <size>0x12f</size>
         <input_file_ref idref="fl-84"/>
      </object_component>
      <object_component id="oc-53c">
         <name>.debug_info</name>
         <load_address>0x7b7e</load_address>
         <run_address>0x7b7e</run_address>
         <size>0x322</size>
         <input_file_ref idref="fl-84"/>
      </object_component>
      <object_component id="oc-52d">
         <name>.debug_info</name>
         <load_address>0x7ea0</load_address>
         <run_address>0x7ea0</run_address>
         <size>0x26b</size>
         <input_file_ref idref="fl-84"/>
      </object_component>
      <object_component id="oc-54b">
         <name>.debug_info</name>
         <load_address>0x810b</load_address>
         <run_address>0x810b</run_address>
         <size>0x461</size>
         <input_file_ref idref="fl-84"/>
      </object_component>
      <object_component id="oc-4fb">
         <name>.debug_info</name>
         <load_address>0x856c</load_address>
         <run_address>0x856c</run_address>
         <size>0x1ef</size>
         <input_file_ref idref="fl-84"/>
      </object_component>
      <object_component id="oc-537">
         <name>.debug_info</name>
         <load_address>0x875b</load_address>
         <run_address>0x875b</run_address>
         <size>0x1e2</size>
         <input_file_ref idref="fl-84"/>
      </object_component>
      <object_component id="oc-4ec">
         <name>.debug_info</name>
         <load_address>0x893d</load_address>
         <run_address>0x893d</run_address>
         <size>0x76</size>
         <input_file_ref idref="fl-84"/>
      </object_component>
      <object_component id="oc-4f1">
         <name>.debug_info</name>
         <load_address>0x89b3</load_address>
         <run_address>0x89b3</run_address>
         <size>0x39</size>
         <input_file_ref idref="fl-84"/>
      </object_component>
      <object_component id="oc-4f6">
         <name>.debug_info</name>
         <load_address>0x89ec</load_address>
         <run_address>0x89ec</run_address>
         <size>0x76</size>
         <input_file_ref idref="fl-84"/>
      </object_component>
      <object_component id="oc-500">
         <name>.debug_info</name>
         <load_address>0x8a62</load_address>
         <run_address>0x8a62</run_address>
         <size>0xee</size>
         <input_file_ref idref="fl-84"/>
      </object_component>
      <object_component id="oc-48f">
         <name>.debug_info</name>
         <load_address>0x8b50</load_address>
         <run_address>0x8b50</run_address>
         <size>0x84</size>
         <input_file_ref idref="fl-84"/>
      </object_component>
      <object_component id="oc-505">
         <name>.debug_info</name>
         <load_address>0x8bd4</load_address>
         <run_address>0x8bd4</run_address>
         <size>0xcc</size>
         <input_file_ref idref="fl-84"/>
      </object_component>
      <object_component id="oc-514">
         <name>.debug_info</name>
         <load_address>0x8ca0</load_address>
         <run_address>0x8ca0</run_address>
         <size>0x69</size>
         <input_file_ref idref="fl-84"/>
      </object_component>
      <object_component id="oc-519">
         <name>.debug_info</name>
         <load_address>0x8d09</load_address>
         <run_address>0x8d09</run_address>
         <size>0x2c</size>
         <input_file_ref idref="fl-84"/>
      </object_component>
      <object_component id="oc-51e">
         <name>.debug_info</name>
         <load_address>0x8d35</load_address>
         <run_address>0x8d35</run_address>
         <size>0x2c</size>
         <input_file_ref idref="fl-84"/>
      </object_component>
      <object_component id="oc-580">
         <name>.debug_info</name>
         <load_address>0x8d61</load_address>
         <run_address>0x8d61</run_address>
         <size>0x1bf</size>
         <input_file_ref idref="fl-84"/>
      </object_component>
      <object_component id="oc-523">
         <name>.debug_info</name>
         <load_address>0x8f20</load_address>
         <run_address>0x8f20</run_address>
         <size>0x7a</size>
         <input_file_ref idref="fl-84"/>
      </object_component>
      <object_component id="oc-50a">
         <name>.debug_info</name>
         <load_address>0x8f9a</load_address>
         <run_address>0x8f9a</run_address>
         <size>0x53</size>
         <input_file_ref idref="fl-84"/>
      </object_component>
      <object_component id="oc-57b">
         <name>.debug_info</name>
         <load_address>0x8fed</load_address>
         <run_address>0x8fed</run_address>
         <size>0xd5</size>
         <input_file_ref idref="fl-84"/>
      </object_component>
      <object_component id="oc-4e4">
         <name>.debug_info</name>
         <load_address>0x90c2</load_address>
         <run_address>0x90c2</run_address>
         <size>0x39</size>
         <input_file_ref idref="fl-84"/>
      </object_component>
      <object_component id="oc-48a">
         <name>.debug_info</name>
         <load_address>0x90fb</load_address>
         <run_address>0x90fb</run_address>
         <size>0x46</size>
         <input_file_ref idref="fl-84"/>
      </object_component>
      <object_component id="oc-528">
         <name>.debug_info</name>
         <load_address>0x9141</load_address>
         <run_address>0x9141</run_address>
         <size>0x2c</size>
         <input_file_ref idref="fl-84"/>
      </object_component>
      <object_component id="oc-50f">
         <name>.debug_info</name>
         <load_address>0x916d</load_address>
         <run_address>0x916d</run_address>
         <size>0x60</size>
         <input_file_ref idref="fl-84"/>
      </object_component>
      <object_component id="oc-485">
         <name>.debug_info</name>
         <load_address>0x91cd</load_address>
         <run_address>0x91cd</run_address>
         <size>0x46</size>
         <input_file_ref idref="fl-84"/>
      </object_component>
      <object_component id="oc-532">
         <name>.debug_info</name>
         <load_address>0x9213</load_address>
         <run_address>0x9213</run_address>
         <size>0xcd</size>
         <input_file_ref idref="fl-84"/>
      </object_component>
      <object_component id="oc-541">
         <name>.debug_info</name>
         <load_address>0x92e0</load_address>
         <run_address>0x92e0</run_address>
         <size>0x144</size>
         <input_file_ref idref="fl-84"/>
      </object_component>
      <object_component id="oc-546">
         <name>.debug_info</name>
         <load_address>0x9424</load_address>
         <run_address>0x9424</run_address>
         <size>0x18d</size>
         <input_file_ref idref="fl-84"/>
      </object_component>
      <object_component id="oc-7c5">
         <name>.debug_info</name>
         <load_address>0x95b1</load_address>
         <run_address>0x95b1</run_address>
         <size>0xa2</size>
      </object_component>
      <object_component id="oc-553">
         <name>.debug_line</name>
         <load_address>0x0</load_address>
         <run_address>0x0</run_address>
         <size>0xca</size>
         <input_file_ref idref="fl-c"/>
      </object_component>
      <object_component id="oc-49f">
         <name>.debug_line</name>
         <load_address>0xca</load_address>
         <run_address>0xca</run_address>
         <size>0x3d</size>
         <input_file_ref idref="fl-31"/>
      </object_component>
      <object_component id="oc-498">
         <name>.debug_line</name>
         <load_address>0x107</load_address>
         <run_address>0x107</run_address>
         <size>0x52</size>
         <input_file_ref idref="fl-49"/>
      </object_component>
      <object_component id="oc-61d">
         <name>.debug_line</name>
         <load_address>0x159</load_address>
         <run_address>0x159</run_address>
         <size>0x46</size>
         <input_file_ref idref="fl-4b"/>
      </object_component>
      <object_component id="oc-4e3">
         <name>.debug_line</name>
         <load_address>0x19f</load_address>
         <run_address>0x19f</run_address>
         <size>0x2a</size>
         <input_file_ref idref="fl-50"/>
      </object_component>
      <object_component id="oc-4d4">
         <name>.debug_line</name>
         <load_address>0x1c9</load_address>
         <run_address>0x1c9</run_address>
         <size>0x4b</size>
         <input_file_ref idref="fl-50"/>
      </object_component>
      <object_component id="oc-574">
         <name>.debug_line</name>
         <load_address>0x214</load_address>
         <run_address>0x214</run_address>
         <size>0x49</size>
         <input_file_ref idref="fl-51"/>
      </object_component>
      <object_component id="oc-604">
         <name>.debug_line</name>
         <load_address>0x25d</load_address>
         <run_address>0x25d</run_address>
         <size>0x71</size>
         <input_file_ref idref="fl-51"/>
      </object_component>
      <object_component id="oc-707">
         <name>.debug_line</name>
         <load_address>0x2ce</load_address>
         <run_address>0x2ce</run_address>
         <size>0xbd</size>
         <input_file_ref idref="fl-53"/>
      </object_component>
      <object_component id="oc-5ea">
         <name>.debug_line</name>
         <load_address>0x38b</load_address>
         <run_address>0x38b</run_address>
         <size>0x83</size>
         <input_file_ref idref="fl-53"/>
      </object_component>
      <object_component id="oc-70b">
         <name>.debug_line</name>
         <load_address>0x40e</load_address>
         <run_address>0x40e</run_address>
         <size>0x2e</size>
         <input_file_ref idref="fl-53"/>
      </object_component>
      <object_component id="oc-717">
         <name>.debug_line</name>
         <load_address>0x43c</load_address>
         <run_address>0x43c</run_address>
         <size>0x98</size>
         <input_file_ref idref="fl-53"/>
      </object_component>
      <object_component id="oc-68e">
         <name>.debug_line</name>
         <load_address>0x4d4</load_address>
         <run_address>0x4d4</run_address>
         <size>0x95</size>
         <input_file_ref idref="fl-53"/>
      </object_component>
      <object_component id="oc-67e">
         <name>.debug_line</name>
         <load_address>0x569</load_address>
         <run_address>0x569</run_address>
         <size>0x3a</size>
         <input_file_ref idref="fl-54"/>
      </object_component>
      <object_component id="oc-5c6">
         <name>.debug_line</name>
         <load_address>0x5a3</load_address>
         <run_address>0x5a3</run_address>
         <size>0x3d</size>
         <input_file_ref idref="fl-56"/>
      </object_component>
      <object_component id="oc-4eb">
         <name>.debug_line</name>
         <load_address>0x5e0</load_address>
         <run_address>0x5e0</run_address>
         <size>0x17a</size>
         <input_file_ref idref="fl-84"/>
      </object_component>
      <object_component id="oc-607">
         <name>.debug_line</name>
         <load_address>0x75a</load_address>
         <run_address>0x75a</run_address>
         <size>0x4b</size>
         <input_file_ref idref="fl-84"/>
      </object_component>
      <object_component id="oc-609">
         <name>.debug_line</name>
         <load_address>0x7a5</load_address>
         <run_address>0x7a5</run_address>
         <size>0x37</size>
         <input_file_ref idref="fl-84"/>
      </object_component>
      <object_component id="oc-6a0">
         <name>.debug_line</name>
         <load_address>0x7dc</load_address>
         <run_address>0x7dc</run_address>
         <size>0x37</size>
         <input_file_ref idref="fl-84"/>
      </object_component>
      <object_component id="oc-724">
         <name>.debug_line</name>
         <load_address>0x813</load_address>
         <run_address>0x813</run_address>
         <size>0x37</size>
         <input_file_ref idref="fl-84"/>
      </object_component>
      <object_component id="oc-726">
         <name>.debug_line</name>
[...]
      <symbol id="sm-3a5">
         <name>UCB0I2COA1</name>
         <value>0x556</value>
      </symbol>
      <symbol id="sm-3a6">
         <name>UCB0I2COA1_L</name>
         <value>0x556</value>
      </symbol>
      <symbol id="sm-3a7">
         <name>UCB0I2COA1_H</name>
         <value>0x557</value>
      </symbol>
      <symbol id="sm-3a8">
         <name>UCB0I2COA2</name>
         <value>0x558</value>
      </symbol>
      <symbol id="sm-3a9">
         <name>UCB0I2COA2_L</name>
         <value>0x558</value>
      </symbol>
      <symbol id="sm-3aa">
         <name>UCB0I2COA2_H</name>
         <value>0x559</value>
      </symbol>
      <symbol id="sm-3ab">
         <name>UCB0I2COA3</name>
         <value>0x55a</value>
      </symbol>
      <symbol id="sm-3ac">
         <name>UCB0I2COA3_L</name>
         <value>0x55a</value>
      </symbol>
      <symbol id="sm-3ad">
         <name>UCB0I2COA3_H</name>
         <value>0x55b</value>
      </symbol>
      <symbol id="sm-3ae">
         <name>UCB0ADDRX</name>
         <value>0x55c</value>
      </symbol>
      <symbol id="sm-3af">
         <name>UCB0ADDRX_L</name>
         <value>0x55c</value>
      </symbol>
      <symbol id="sm-3b0">
         <name>UCB0ADDRX_H</name>
         <value>0x55d</value>
      </symbol>
      <symbol id="sm-3b1">
         <name>UCB0ADDMASK</name>
         <value>0x55e</value>
      </symbol>
      <symbol id="sm-3b2">
         <name>UCB0ADDMASK_L</name>
         <value>0x55e</value>
      </symbol>
      <symbol id="sm-3b3">
         <name>UCB0ADDMASK_H</name>
         <value>0x55f</value>
      </symbol>
      <symbol id="sm-3b4">
         <name>UCB0I2CSA</name>
         <value>0x560</value>
      </symbol>
      <symbol id="sm-3b5">
         <name>UCB0I2CSA_L</name>
         <value>0x560</value>
      </symbol>
      <symbol id="sm-3b6">
         <name>UCB0I2CSA_H</name>
         <value>0x561</value>
      </symbol>
      <symbol id="sm-3b7">
         <name>UCB0IE</name>
         <value>0x56a</value>
      </symbol>
      <symbol id="sm-3b8">
         <name>UCB0IE_L</name>
         <value>0x56a</value>
      </symbol>
      <symbol id="sm-3b9">
         <name>UCB0IE_H</name>
         <value>0x56b</value>
      </symbol>
      <symbol id="sm-3ba">
         <name>UCB0IFG</name>
         <value>0x56c</value>
      </symbol>
      <symbol id="sm-3bb">
         <name>UCB0IFG_L</name>
         <value>0x56c</value>
      </symbol>
      <symbol id="sm-3bc">
         <name>UCB0IFG_H</name>
         <value>0x56d</value>
      </symbol>
      <symbol id="sm-3bd">
         <name>UCB0IV</name>
         <value>0x56e</value>
      </symbol>
      <symbol id="sm-3be">
         <name>UCB0IV_L</name>
         <value>0x56e</value>
      </symbol>
      <symbol id="sm-3bf">
         <name>UCB0IV_H</name>
         <value>0x56f</value>
      </symbol>
      <symbol id="sm-3c0">
         <name>UCB1CTLW0</name>
         <value>0x5c0</value>
      </symbol>
      <symbol id="sm-3c1">
         <name>UCB1CTLW0_L</name>
         <value>0x5c0</value>
      </symbol>
      <symbol id="sm-3c2">
         <name>UCB1CTLW0_H</name>
         <value>0x5c1</value>
      </symbol>
      <symbol id="sm-3c3">
         <name>UCB1CTLW1</name>
         <value>0x5c2</value>
      </symbol>
      <symbol id="sm-3c4">
         <name>UCB1CTLW1_L</name>
         <value>0x5c2</value>
      </symbol>
      <symbol id="sm-3c5">
         <name>UCB1CTLW1_H</name>
         <value>0x5c3</value>
      </symbol>
      <symbol id="sm-3c6">
         <name>UCB1BRW</name>
         <value>0x5c6</value>
      </symbol>
      <symbol id="sm-3c7">
         <name>UCB1BRW_L</name>
         <value>0x5c6</value>
      </symbol>
      <symbol id="sm-3c8">
         <name>UCB1BRW_H</name>
         <value>0x5c7</value>
      </symbol>
      <symbol id="sm-3c9">
         <name>UCB1STATW</name>
         <value>0x5c8</value>
      </symbol>
      <symbol id="sm-3ca">
         <name>UCB1STATW_L</name>
         <value>0x5c8</value>
      </symbol>
      <symbol id="sm-3cb">
         <name>UCB1STATW_H</name>
         <value>0x5c9</value>
      </symbol>
      <symbol id="sm-3cc">
         <name>UCB1TBCNT</name>
         <value>0x5ca</value>
      </symbol>
      <symbol id="sm-3cd">
         <name>UCB1TBCNT_L</name>
         <value>0x5ca</value>
      </symbol>
      <symbol id="sm-3ce">
         <name>UCB1TBCNT_H</name>
         <value>0x5cb</value>
      </symbol>
      <symbol id="sm-3cf">
         <name>UCB1RXBUF</name>
         <value>0x5cc</value>
      </symbol>
      <symbol id="sm-3d0">
         <name>UCB1RXBUF_L</name>
         <value>0x5cc</value>
      </symbol>
      <symbol id="sm-3d1">
         <name>UCB1RXBUF_H</name>
         <value>0x5cd</value>
      </symbol>
      <symbol id="sm-3d2">
         <name>UCB1TXBUF</name>
         <value>0x5ce</value>
      </symbol>
      <symbol id="sm-3d3">
         <name>UCB1TXBUF_L</name>
         <value>0x5ce</value>
      </symbol>
      <symbol id="sm-3d4">
         <name>UCB1TXBUF_H</name>
         <value>0x5cf</value>
      </symbol>
      <symbol id="sm-3d5">
         <name>UCB1I2COA0</name>
         <value>0x5d4</value>
      </symbol>
      <symbol id="sm-3d6">
         <name>UCB1I2COA0_L</name>
         <value>0x5d4</value>
      </symbol>
      <symbol id="sm-3d7">
         <name>UCB1I2COA0_H</name>
         <value>0x5d5</value>
      </symbol>
      <symbol id="sm-3d8">
         <name>UCB1I2COA1</name>
         <value>0x5d6</value>
      </symbol>
      <symbol id="sm-3d9">
         <name>UCB1I2COA1_L</name>
         <value>0x5d6</value>
      </symbol>
      <symbol id="sm-3da">
         <name>UCB1I2COA1_H</name>
         <value>0x5d7</value>
      </symbol>
      <symbol id="sm-3db">
         <name>UCB1I2COA2</name>
         <value>0x5d8</value>
      </symbol>
      <symbol id="sm-3dc">
         <name>UCB1I2COA2_L</name>
         <value>0x5d8</value>
      </symbol>
      <symbol id="sm-3dd">
         <name>UCB1I2COA2_H</name>
         <value>0x5d9</value>
      </symbol>
      <symbol id="sm-3de">
         <name>UCB1I2COA3</name>
         <value>0x5da</value>
      </symbol>
      <symbol id="sm-3df">
         <name>UCB1I2COA3_L</name>
         <value>0x5da</value>
      </symbol>
      <symbol id="sm-3e0">
         <name>UCB1I2COA3_H</name>
         <value>0x5db</value>
      </symbol>
      <symbol id="sm-3e1">
         <name>UCB1ADDRX</name>
         <value>0x5dc</value>
      </symbol>
      <symbol id="sm-3e2">
         <name>UCB1ADDRX_L</name>
         <value>0x5dc</value>
      </symbol>
      <symbol id="sm-3e3">
         <name>UCB1ADDRX_H</name>
         <value>0x5dd</value>
      </symbol>
      <symbol id="sm-3e4">
         <name>UCB1ADDMASK</name>
         <value>0x5de</value>
      </symbol>
      <symbol id="sm-3e5">
         <name>UCB1ADDMASK_L</name>
         <value>0x5de</value>
      </symbol>
      <symbol id="sm-3e6">
         <name>UCB1ADDMASK_H</name>
         <value>0x5df</value>
      </symbol>
      <symbol id="sm-3e7">
         <name>UCB1I2CSA</name>
         <value>0x5e0</value>
      </symbol>
      <symbol id="sm-3e8">
         <name>UCB1I2CSA_L</name>
         <value>0x5e0</value>
      </symbol>
      <symbol id="sm-3e9">
         <name>UCB1I2CSA_H</name>
         <value>0x5e1</value>
      </symbol>
      <symbol id="sm-3ea">
         <name>UCB1IE</name>
         <value>0x5ea</value>
      </symbol>
      <symbol id="sm-3eb">
         <name>UCB1IE_L</name>
         <value>0x5ea</value>
      </symbol>
      <symbol id="sm-3ec">
         <name>UCB1IE_H</name>
         <value>0x5eb</value>
      </symbol>
      <symbol id="sm-3ed">
         <name>UCB1IFG</name>
         <value>0x5ec</value>
      </symbol>
      <symbol id="sm-3ee">
         <name>UCB1IFG_L</name>
         <value>0x5ec</value>
      </symbol>
      <symbol id="sm-3ef">
         <name>UCB1IFG_H</name>
         <value>0x5ed</value>
      </symbol>
      <symbol id="sm-3f0">
         <name>UCB1IV</name>
         <value>0x5ee</value>
      </symbol>
      <symbol id="sm-3f1">
         <name>UCB1IV_L</name>
         <value>0x5ee</value>
      </symbol>
      <symbol id="sm-3f2">
         <name>UCB1IV_H</name>
         <value>0x5ef</value>
      </symbol>
      <symbol id="sm-3f3">
         <name>fram_rw_start</name>
         <value>0x8000</value>
      </symbol>
      <symbol id="sm-3f4">
         <name>fram_rx_start</name>
         <value>0x8000</value>
      </symbol>
      <symbol id="sm-3f5">
         <name>__TI_CINIT_Base</name>
         <value>0x801c</value>
      </symbol>
      <symbol id="sm-3f6">
         <name>__TI_CINIT_Limit</name>
         <value>0x802c</value>
      </symbol>
      <symbol id="sm-3f7">
         <name>__TI_Handler_Table_Base</name>
         <value>0x8000</value>
      </symbol>
      <symbol id="sm-3f8">
         <name>__TI_Handler_Table_Limit</name>
         <value>0x800c</value>
      </symbol>
      <symbol id="sm-3f9">
         <name>__STACK_SIZE</name>
         <value>0xa0</value>
      </symbol>
      <symbol id="sm-3fa">
         <name>__STACK_END</name>
         <value>0x3000</value>
      </symbol>
      <symbol id="sm-3fb">
         <name>__c_args__</name>
         <value>0xffffffff</value>
      </symbol>
      <symbol id="sm-3fc">
         <name>__TI_pprof_out_hndl</name>
         <value>0xffffffff</value>
      </symbol>
      <symbol id="sm-3fd">
         <name>__TI_prof_data_start</name>
         <value>0xffffffff</value>
      </symbol>
      <symbol id="sm-3fe">
         <name>__TI_prof_data_size</name>
         <value>0xffffffff</value>
      </symbol>
      <symbol id="sm-761">
         <name>uxListRemove</name>
         <value>0x96e6</value>
         <object_component_ref idref="oc-613"/>
      </symbol>
      <symbol id="sm-762">
         <name>vTaskPlaceOnEventList</name>
         <value>0x97a0</value>
         <object_component_ref idref="oc-73e"/>
      </symbol>
      <symbol id="sm-763">
         <name>xTaskCheckForTimeOut</name>
         <value>0x8ffa</value>
         <object_component_ref idref="oc-744"/>
      </symbol>
      <symbol id="sm-764">
         <name>vListInsert</name>
         <value>0x942c</value>
         <object_component_ref idref="oc-6a1"/>
      </symbol>
      <symbol id="sm-765">
         <name>memcpy</name>
         <value>0x9826</value>
         <object_component_ref idref="oc-70d"/>
      </symbol>
      <symbol id="sm-766">
         <name>__TI_int34</name>
         <value>0xffe6</value>
         <object_component_ref idref="oc-7e"/>
      </symbol>
      <symbol id="sm-767">
         <name>vPortSetupTimerInterrupt</name>
         <value>0x9836</value>
         <object_component_ref idref="oc-597"/>
      </symbol>
      <symbol id="sm-768">
         <name>xQueueGenericCreate</name>
         <value>0x95be</value>
         <object_component_ref idref="oc-651"/>
      </symbol>
      <symbol id="sm-769">
         <name>memset</name>
         <value>0x9812</value>
         <object_component_ref idref="oc-6b6"/>
      </symbol>
      <symbol id="sm-76a">
         <name>vTickISREntry</name>
         <value>0x9874</value>
         <object_component_ref idref="oc-4a0"/>
      </symbol>
      <symbol id="sm-76b">
         <name>xQueueGenericSend</name>
         <value>0x8040</value>
         <object_component_ref idref="oc-72a"/>
      </symbol>
      <symbol id="sm-76c">
         <name>xTaskCreate</name>
         <value>0x9488</value>
         <object_component_ref idref="oc-5a6"/>
      </symbol>
      <symbol id="sm-76d">
         <name>pvPortMalloc</name>
         <value>0x94e2</value>
         <object_component_ref idref="oc-631"/>
      </symbol>
      <symbol id="sm-76e">
         <name>vApplicationSetupTimerInterrupt</name>
         <value>0x9836</value>
         <object_component_ref idref="oc-597"/>
      </symbol>
      <symbol id="sm-76f">
         <name>main</name>
         <value>0x91de</value>
         <object_component_ref idref="oc-55f"/>
      </symbol>
      <symbol id="sm-770">
         <name>xTaskResumeAll</name>
         <value>0x8a86</value>
         <object_component_ref idref="oc-62a"/>
      </symbol>
      <symbol id="sm-771">
         <name>xTimerGenericCommand</name>
         <value>0x9538</value>
         <object_component_ref idref="oc-6df"/>
      </symbol>
      <symbol id="sm-772">
         <name>pxCurrentTCB</name>
         <value>0x2c74</value>
         <object_component_ref idref="oc-588"/>
      </symbol>
      <symbol id="sm-773">
         <name>usCriticalNesting</name>
         <value>0x2c9e</value>
         <object_component_ref idref="oc-585"/>
      </symbol>
      <symbol id="sm-774">
         <name>__TI_decompress_lzss</name>
         <value>0x8998</value>
         <object_component_ref idref="oc-66"/>
      </symbol>
      <symbol id="sm-775">
         <name>xTaskIncrementTick</name>
         <value>0x877a</value>
         <object_component_ref idref="oc-58b"/>
      </symbol>
      <symbol id="sm-776">
         <name>vTaskSwitchContext</name>
         <value>0x8d18</value>
         <object_component_ref idref="oc-591"/>
      </symbol>
      <symbol id="sm-777">
         <name>xQueueReceive</name>
         <value>0x8362</value>
         <object_component_ref idref="oc-6ec"/>
      </symbol>
      <symbol id="sm-778">
         <name>xTaskRemoveFromEventList</name>
         <value>0x8b72</value>
         <object_component_ref idref="oc-731"/>
      </symbol>
      <symbol id="sm-779">
         <name>__TI_decompress_none</name>
         <value>0x9678</value>
         <object_component_ref idref="oc-6c"/>
      </symbol>
      <symbol id="sm-77a">
         <name>_system_pre_init</name>
         <value>0x9842</value>
         <object_component_ref idref="oc-559"/>
      </symbol>
      <symbol id="sm-77b">
         <name>__TI_zero_init</name>
         <value>0x95fe</value>
         <object_component_ref idref="oc-4ac"/>
      </symbol>
      <symbol id="sm-783">
         <name>vPortCooperativeTickISR</name>
         <value>0x90d2</value>
         <object_component_ref idref="oc-551"/>
      </symbol>
      <symbol id="sm-784">
         <name>vPortPreemptiveTickISR</name>
         <value>0x90a2</value>
         <object_component_ref idref="oc-551"/>
      </symbol>
      <symbol id="sm-785">
         <name>vPortYield</name>
         <value>0x90fe</value>
         <object_component_ref idref="oc-551"/>
      </symbol>
      <symbol id="sm-786">
         <name>xPortStartScheduler</name>
         <value>0x912e</value>
         <object_component_ref idref="oc-551"/>
      </symbol>
      <symbol id="sm-789">
         <name>__TI_int22</name>
         <value>0xffce</value>
         <object_component_ref idref="oc-72"/>
      </symbol>
      <symbol id="sm-791">
         <name>__TI_ISR_TRAP</name>
         <value>0x9884</value>
         <object_component_ref idref="oc-49b"/>
      </symbol>
      <symbol id="sm-794">
         <name>__TI_int23</name>
         <value>0xffd0</value>
         <object_component_ref idref="oc-73"/>
      </symbol>
      <symbol id="sm-797">
         <name>__TI_int24</name>
         <value>0xffd2</value>
         <object_component_ref idref="oc-74"/>
      </symbol>
      <symbol id="sm-79a">
         <name>__TI_int25</name>
         <value>0xffd4</value>
         <object_component_ref idref="oc-75"/>
      </symbol>
      <symbol id="sm-79d">
         <name>__TI_int26</name>
         <value>0xffd6</value>
         <object_component_ref idref="oc-76"/>
      </symbol>
      <symbol id="sm-7a0">
         <name>__TI_int27</name>
         <value>0xffd8</value>
         <object_component_ref idref="oc-77"/>
      </symbol>
      <symbol id="sm-7a3">
         <name>__TI_int28</name>
         <value>0xffda</value>
         <object_component_ref idref="oc-78"/>
      </symbol>
      <symbol id="sm-7a6">
         <name>__TI_int29</name>
         <value>0xffdc</value>
         <object_component_ref idref="oc-79"/>
      </symbol>
      <symbol id="sm-7a9">
         <name>__TI_int30</name>
         <value>0xffde</value>
         <object_component_ref idref="oc-7a"/>
      </symbol>
      <symbol id="sm-7ac">
         <name>__TI_int31</name>
         <value>0xffe0</value>
         <object_component_ref idref="oc-7b"/>
      </symbol>
      <symbol id="sm-7af">
         <name>__TI_int32</name>
         <value>0xffe2</value>
         <object_component_ref idref="oc-7c"/>
      </symbol>
      <symbol id="sm-7b2">
         <name>__TI_int33</name>
         <value>0xffe4</value>
         <object_component_ref idref="oc-7d"/>
      </symbol>
      <symbol id="sm-7b5">
         <name>__TI_int35</name>
         <value>0xffe8</value>
         <object_component_ref idref="oc-7f"/>
      </symbol>
      <symbol id="sm-7b8">
         <name>__TI_int36</name>
         <value>0xffea</value>
         <object_component_ref idref="oc-80"/>
      </symbol>
      <symbol id="sm-7bb">
         <name>__TI_int37</name>
         <value>0xffec</value>
         <object_component_ref idref="oc-81"/>
      </symbol>
      <symbol id="sm-7be">
         <name>__TI_int38</name>
         <value>0xffee</value>
         <object_component_ref idref="oc-82"/>
      </symbol>
      <symbol id="sm-7c1">
         <name>__TI_int39</name>
         <value>0xfff0</value>
         <object_component_ref idref="oc-83"/>
      </symbol>
      <symbol id="sm-7c4">
         <name>__TI_int40</name>
         <value>0xfff2</value>
         <object_component_ref idref="oc-84"/>
      </symbol>
      <symbol id="sm-7c7">
         <name>__TI_int41</name>
         <value>0xfff4</value>
         <object_component_ref idref="oc-85"/>
      </symbol>
      <symbol id="sm-7ca">
         <name>__TI_int42</name>
         <value>0xfff6</value>
         <object_component_ref idref="oc-86"/>
      </symbol>
      <symbol id="sm-7cd">
         <name>__TI_int43</name>
         <value>0xfff8</value>
         <object_component_ref idref="oc-87"/>
      </symbol>
      <symbol id="sm-7d0">
         <name>__TI_int44</name>
         <value>0xfffa</value>
         <object_component_ref idref="oc-88"/>
      </symbol>
      <symbol id="sm-7d3">
         <name>__TI_int45</name>
         <value>0xfffc</value>
         <object_component_ref idref="oc-89"/>
      </symbol>
      <symbol id="sm-7de">
         <name>__memcpy_far</name>
         <value>0x957e</value>
         <object_component_ref idref="oc-494"/>
      </symbol>
      <symbol id="sm-7e7">
         <name>__mspabi_mpyi_f5hw</name>
         <value>0x97fa</value>
         <object_component_ref idref="oc-619"/>
      </symbol>
      <symbol id="sm-7fb">
         <name>_c_int00_noargs_mpu</name>
         <value>0x9854</value>
         <object_component_ref idref="oc-4d0"/>
      </symbol>
      <symbol id="sm-7fc">
         <name>_stack</name>
         <value>0x2f60</value>
         <object_component_ref idref="oc-480"/>
      </symbol>
      <symbol id="sm-7fd">
         <name>_reset_vector</name>
         <value>0xfffe</value>
         <object_component_ref idref="oc-483"/>
      </symbol>
      <symbol id="sm-80b">
         <name>__mpu_init</name>
         <value>0x963c</value>
         <object_component_ref idref="oc-571"/>
      </symbol>
      <symbol id="sm-829">
         <name>__TI_auto_init_nobinit_nopinit_hold_wdt</name>
         <value>0x9358</value>
         <object_component_ref idref="oc-5e6"/>
      </symbol>
      <symbol id="sm-832">
         <name>_system_post_cinit</name>
         <value>0x9852</value>
         <object_component_ref idref="oc-679"/>
      </symbol>
      <symbol id="sm-83c">
         <name>C$$EXIT</name>
         <value>0x984c</value>
         <object_component_ref idref="oc-5c2"/>
      </symbol>
      <symbol id="sm-83d">
         <name>abort</name>
         <value>0x984c</value>
         <object_component_ref idref="oc-5c2"/>
      </symbol>
   </symbol_table>
   <title>Link successful</title>
</link_info>
